Archive member included because of file (symbol)

C:\Datos\RepoLocal\lpc_board_nxp_lpcxpresso_1769\Debug\liblpc_board_nxp_lpcxpresso_1769.a(board.o)
                              ./src/demo_lucas_board.o (Board_LED_Set)
C:\Datos\RepoLocal\lpc_board_nxp_lpcxpresso_1769\Debug\liblpc_board_nxp_lpcxpresso_1769.a(board_sysinit.o)
                              ./src/sysinit.o (Board_SystemInit)
C:\Datos\RepoLocal\lpc_chip_175x_6x\Debug\liblpc_chip_175x_6x.a(chip_17xx_40xx.o)
                              ./src/demo_lucas_board.o (SystemCoreClockUpdate)
C:\Datos\RepoLocal\lpc_chip_175x_6x\Debug\liblpc_chip_175x_6x.a(clock_17xx_40xx.o)
                              C:\Datos\RepoLocal\lpc_chip_175x_6x\Debug\liblpc_chip_175x_6x.a(chip_17xx_40xx.o) (Chip_Clock_EnablePLL)
C:\Datos\RepoLocal\lpc_chip_175x_6x\Debug\liblpc_chip_175x_6x.a(i2s_17xx_40xx.o)
                              C:\Datos\RepoLocal\lpc_board_nxp_lpcxpresso_1769\Debug\liblpc_board_nxp_lpcxpresso_1769.a(board.o) (Chip_I2S_Init)
C:\Datos\RepoLocal\lpc_chip_175x_6x\Debug\liblpc_chip_175x_6x.a(iocon_17xx_40xx.o)
                              ./src/UART.o (Chip_IOCON_PinMux)
C:\Datos\RepoLocal\lpc_chip_175x_6x\Debug\liblpc_chip_175x_6x.a(ring_buffer.o)
                              ./src/UART.o (RingBuffer_Init)
C:\Datos\RepoLocal\lpc_chip_175x_6x\Debug\liblpc_chip_175x_6x.a(rtc_17xx_40xx.o)
                              ./src/RTC.o (Chip_RTC_Init)
C:\Datos\RepoLocal\lpc_chip_175x_6x\Debug\liblpc_chip_175x_6x.a(sysinit_17xx_40xx.o)
                              C:\Datos\RepoLocal\lpc_board_nxp_lpcxpresso_1769\Debug\liblpc_board_nxp_lpcxpresso_1769.a(board_sysinit.o) (Chip_SetupXtalClocking)
C:\Datos\RepoLocal\lpc_chip_175x_6x\Debug\liblpc_chip_175x_6x.a(timer_17xx_40xx.o)
                              ./src/LCD.o (Chip_TIMER_Init)
C:\Datos\RepoLocal\lpc_chip_175x_6x\Debug\liblpc_chip_175x_6x.a(uart_17xx_40xx.o)
                              ./src/UART.o (Chip_UART_Init)
c:/nxp/lpcxpresso_7.9.0_455/lpcxpresso/tools/bin/../lib/gcc/arm-none-eabi/4.9.3/../../../../arm-none-eabi/lib/armv7-m\libcr_c.a(memcpy.o)
                              C:\Datos\RepoLocal\lpc_board_nxp_lpcxpresso_1769\Debug\liblpc_board_nxp_lpcxpresso_1769.a(board.o) (memcpy)
c:/nxp/lpcxpresso_7.9.0_455/lpcxpresso/tools/bin/../lib/gcc/arm-none-eabi/4.9.3/../../../../arm-none-eabi/lib/armv7-m\libcr_c.a(memset.o)
                              ./src/UART.o (memset)
c:/nxp/lpcxpresso_7.9.0_455/lpcxpresso/tools/bin/../lib/gcc/arm-none-eabi/4.9.3/../../../../arm-none-eabi/lib/armv7-m\libcr_c.a(__weak__main.o)
                              ./src/cr_startup_lpc175x_6x.o (__main)
c:/nxp/lpcxpresso_7.9.0_455/lpcxpresso/tools/bin/../lib/gcc/arm-none-eabi/4.9.3/../../../../arm-none-eabi/lib/armv7-m\libcr_c.a(itoa.o)
                              ./src/RTC.o (itoa)
c:/nxp/lpcxpresso_7.9.0_455/lpcxpresso/tools/bin/../lib/gcc/arm-none-eabi/4.9.3/../../../../arm-none-eabi/lib/armv7-m\libcr_c.a(strcat.o)
                              ./src/RTC.o (strcat)
c:/nxp/lpcxpresso_7.9.0_455/lpcxpresso/tools/bin/../lib/gcc/arm-none-eabi/4.9.3/../../../../arm-none-eabi/lib/armv7-m\libcr_c.a(strlen.o)
                              ./src/UART.o (strlen)
c:/nxp/lpcxpresso_7.9.0_455/lpcxpresso/tools/bin/../lib/gcc/arm-none-eabi/4.9.3/../../../../arm-none-eabi/lib/armv7-m\libcr_c.a(strncpy.o)
                              ./src/UART.o (strncpy)
c:/nxp/lpcxpresso_7.9.0_455/lpcxpresso/tools/bin/../lib/gcc/arm-none-eabi/4.9.3/armv7-m\libcr_eabihelpers.a(division_64.o)
                              C:\Datos\RepoLocal\lpc_chip_175x_6x\Debug\liblpc_chip_175x_6x.a(i2s_17xx_40xx.o) (__aeabi_uldivmod)
c:/nxp/lpcxpresso_7.9.0_455/lpcxpresso/tools/bin/../lib/gcc/arm-none-eabi/4.9.3/armv7-m\libcr_eabihelpers.a(division_idiv0.o)
                              c:/nxp/lpcxpresso_7.9.0_455/lpcxpresso/tools/bin/../lib/gcc/arm-none-eabi/4.9.3/armv7-m\libcr_eabihelpers.a(division_64.o) (__aeabi_idiv0)
c:/nxp/lpcxpresso_7.9.0_455/lpcxpresso/tools/bin/../lib/gcc/arm-none-eabi/4.9.3/armv7-m\libcr_eabihelpers.a(memcpy.o)
                              c:/nxp/lpcxpresso_7.9.0_455/lpcxpresso/tools/bin/../lib/gcc/arm-none-eabi/4.9.3/../../../../arm-none-eabi/lib/armv7-m\libcr_c.a(memcpy.o) (__aeabi_memcpy)

Allocating common symbols
Common symbol       size              file

FullTime            0x20              ./src/RTC.o
txring              0x14              ./src/UART.o
ledtic              0x4               ./src/LED.o
SystemCoreClock     0x4               C:\Datos\RepoLocal\lpc_chip_175x_6x\Debug\liblpc_chip_175x_6x.a(chip_17xx_40xx.o)
usTicks             0x4               ./src/LCD.o
rxring              0x14              ./src/UART.o
pulsador            0x4               ./src/Pulsador.o

Discarded input sections

 .group         0x00000000        0x8 ./src/GPIO.o
 .group         0x00000000        0x8 ./src/GPIO.o
 .group         0x00000000        0x8 ./src/GPIO.o
 .group         0x00000000        0x8 ./src/GPIO.o
[...]
Memory Configuration

Name             Origin             Length             Attributes
MFlash512        0x00000000         0x00080000         xr
RamLoc32         0x10000000         0x00008000         xrw
RamAHB32         0x2007c000         0x00008000         xrw
*default*        0x00000000         0xffffffff

Linker script and memory map

LOAD ./src/GPIO.o
LOAD ./src/LCD.o
LOAD ./src/LED.o
LOAD ./src/Pulsador.o
LOAD ./src/RTC.o
LOAD ./src/Teclado.o
LOAD ./src/UART.o
LOAD ./src/cr_startup_lpc175x_6x.o
LOAD ./src/crp.o
LOAD ./src/demo_lucas_board.o
LOAD ./src/sysinit.o
LOAD C:\Datos\RepoLocal\lpc_board_nxp_lpcxpresso_1769\Debug\liblpc_board_nxp_lpcxpresso_1769.a
LOAD C:\Datos\RepoLocal\lpc_chip_175x_6x\Debug\liblpc_chip_175x_6x.a
START GROUP
LOAD c:/nxp/lpcxpresso_7.9.0_455/lpcxpresso/tools/bin/../lib/gcc/arm-none-eabi/4.9.3/../../../../arm-none-eabi/lib/armv7-m\libcr_c.a
LOAD c:/nxp/lpcxpresso_7.9.0_455/lpcxpresso/tools/bin/../lib/gcc/arm-none-eabi/4.9.3/armv7-m\libcr_eabihelpers.a
END GROUP
                0x00080000                __top_MFlash512 = 0x80000
                0x00080000                __top_Flash = 0x80000
                0x10008000                __top_RamLoc32 = 0x10008000
                0x10008000                __top_RAM = 0x10008000
                0x20084000                __top_RamAHB32 = 0x20084000
                0x20084000                __top_RAM2 = 0x20084000

.text           0x00000000     0x1924
 FILL mask 0xff
                0x00000000                __vectors_start__ = ABSOLUTE (.)
 *(.isr_vector)
 .isr_vector    0x00000000       0xcc ./src/cr_startup_lpc175x_6x.o
                0x00000000                g_pfnVectors
                0x000000cc                . = ALIGN (0x4)
                0x000000cc                __section_table_start = .
                0x000000cc                __data_section_table = .
                0x000000cc        0x4 LONG 0x1924 LOADADDR (.data)
                0x000000d0        0x4 LONG 0x10000000 ADDR (.data)
                0x000000d4        0x4 LONG 0x0 SIZEOF (.data)
                0x000000d8        0x4 LONG 0x1924 LOADADDR (.data_RAM2)
                0x000000dc        0x4 LONG 0x2007c000 ADDR (.data_RAM2)
                0x000000e0        0x4 LONG 0x0 SIZEOF (.data_RAM2)
                0x000000e4                __data_section_table_end = .
                0x000000e4                __bss_section_table = .
                0x000000e4        0x4 LONG 0x10000000 ADDR (.bss)
                0x000000e8        0x4 LONG 0x54 SIZEOF (.bss)
                0x000000ec        0x4 LONG 0x2007c000 ADDR (.bss_RAM2)
                0x000000f0        0x4 LONG 0x0 SIZEOF (.bss_RAM2)
                0x000000f4                __bss_section_table_end = .
                0x000000f4                __section_table_end = .
 *(.after_vectors*)
 .after_vectors
                0x000000f4      0x144 ./src/cr_startup_lpc175x_6x.o
                0x000000f4                data_init
                0x00000138                bss_init
                0x00000170                ResetISR
                0x000001e8                NMI_Handler
                0x000001f0                HardFault_Handler
                0x000001f8                MemManage_Handler
                0x00000200                BusFault_Handler
                0x00000208                UsageFault_Handler
                0x00000210                SVC_Handler
                0x00000218                DebugMon_Handler
                0x00000220                PendSV_Handler
                0x00000228                SysTick_Handler
                0x00000230                CANActivity_IRQHandler
                0x00000230                TIMER3_IRQHandler
                0x00000230                UART0_IRQHandler
                0x00000230                EINT3_IRQHandler
                0x00000230                EINT2_IRQHandler
                0x00000230                USBActivity_IRQHandler
                0x00000230                IntDefaultHandler
                0x00000230                PLL0_IRQHandler
                0x00000230                I2C1_IRQHandler
                0x00000230                PLL1_IRQHandler
                0x00000230                SSP0_IRQHandler
                0x00000230                I2S_IRQHandler
                0x00000230                I2C2_IRQHandler
                0x00000230                SPI_IRQHandler
                0x00000230                RIT_IRQHandler
                0x00000230                EINT1_IRQHandler
                0x00000230                UART2_IRQHandler
                0x00000230                ADC_IRQHandler
                0x00000230                SSP1_IRQHandler
                0x00000230                USB_IRQHandler
                0x00000230                BOD_IRQHandler
                0x00000230                I2C0_IRQHandler
                0x00000230                WDT_IRQHandler
                0x00000230                PWM1_IRQHandler
                0x00000230                QEI_IRQHandler
                0x00000230                EINT0_IRQHandler
                0x00000230                ETH_IRQHandler
                0x00000230                CAN_IRQHandler
                0x00000230                DMA_IRQHandler
                0x00000230                TIMER2_IRQHandler
                0x00000230                UART3_IRQHandler
                0x00000230                MCPWM_IRQHandler
                0x000002fc                . = 0x2fc
 *fill*         0x00000238       0xc4 ff
                0x000002fc                PROVIDE (__CRP_WORD_START__, .)
 *(.crp)
 .crp           0x000002fc        0x4 ./src/crp.o
                0x000002fc                CRP_WORD
                0x00000300                PROVIDE (__CRP_WORD_END__, .)
                0x00000001                ASSERT (! ((__CRP_WORD_START__ == __CRP_WORD_END__)), Linker CRP Enabled, but no CRP_WORD provided within application)
 *(.text*)
 .text.Chip_TIMER_MatchPending
                0x00000300       0x34 ./src/LCD.o
 .text.Chip_TIMER_ClearMatch
                0x00000334       0x28 ./src/LCD.o
 .text.TIMER1_IRQHandler
                0x0000035c       0x30 ./src/LCD.o
                0x0000035c                TIMER1_IRQHandler
 .text.Chip_RTC_GetTime
                0x0000038c       0x24 ./src/RTC.o
 .text.Chip_RTC_ClearIntPending
                0x000003b0       0x1c ./src/RTC.o
 .text.Chip_RTC_GetIntPending
                0x000003cc       0x28 ./src/RTC.o
 .text.RTC_IRQHandler
                0x000003f4       0x70 ./src/RTC.o
                0x000003f4                RTC_IRQHandler
 .text.Chip_GPIO_SetPinState
                0x00000464       0x68 ./src/Teclado.o
 .text.Chip_GPIO_WritePortBit
                0x000004cc       0x2c ./src/Teclado.o
 .text.Chip_GPIO_GetPinState
                0x000004f8       0x3c ./src/Teclado.o
 .text.Chip_TIMER_MatchPending
                0x00000534       0x34 ./src/Teclado.o
 .text.Chip_TIMER_ClearMatch
                0x00000568       0x28 ./src/Teclado.o
 .text.Fila1_on
                0x00000590       0x18 ./src/Teclado.o
 .text.Fila1_off
                0x000005a8       0x18 ./src/Teclado.o
 .text.Fila2_on
                0x000005c0       0x18 ./src/Teclado.o
 .text.Fila2_off
                0x000005d8       0x18 ./src/Teclado.o
 .text.Fila3_on
                0x000005f0       0x18 ./src/Teclado.o
 .text.Fila3_off
                0x00000608       0x18 ./src/Teclado.o
 .text.Fila4_on
                0x00000620       0x18 ./src/Teclado.o
 .text.Fila4_off
                0x00000638       0x18 ./src/Teclado.o
 .text.Columna1
                0x00000650       0x28 ./src/Teclado.o
 .text.Columna2
                0x00000678       0x28 ./src/Teclado.o
 .text.Columna3
                0x000006a0       0x28 ./src/Teclado.o
 .text.Columna4
                0x000006c8       0x28 ./src/Teclado.o
 .text.Teclado_Fila
                0x000006f0       0x58 ./src/Teclado.o
 .text.Teclado_Columna
                0x00000748       0x2c ./src/Teclado.o
 .text.TIMER0_IRQHandler
                0x00000774      0x108 ./src/Teclado.o
                0x00000774                TIMER0_IRQHandler
 .text.UART1_IRQHandler
                0x0000087c       0x1c ./src/UART.o
                0x0000087c                UART1_IRQHandler
 .text.main     0x00000898       0x24 ./src/demo_lucas_board.o
                0x00000898                main
 .text.SystemInit
                0x000008bc       0x24 ./src/sysinit.o
                0x000008bc                SystemInit
 .text.Chip_IOCON_Init
                0x000008e0       0x14 C:\Datos\RepoLocal\lpc_board_nxp_lpcxpresso_1769\Debug\liblpc_board_nxp_lpcxpresso_1769.a(board.o)
 .text.Chip_GPIO_Init
                0x000008f4       0x14 C:\Datos\RepoLocal\lpc_board_nxp_lpcxpresso_1769\Debug\liblpc_board_nxp_lpcxpresso_1769.a(board.o)
 .text.Chip_GPIO_SetPinState
                0x00000908       0x68 C:\Datos\RepoLocal\lpc_board_nxp_lpcxpresso_1769\Debug\liblpc_board_nxp_lpcxpresso_1769.a(board.o)
 .text.Chip_GPIO_WritePortBit
                0x00000970       0x2c C:\Datos\RepoLocal\lpc_board_nxp_lpcxpresso_1769\Debug\liblpc_board_nxp_lpcxpresso_1769.a(board.o)
 .text.Chip_GPIO_GetPinState
                0x0000099c       0x3c C:\Datos\RepoLocal\lpc_board_nxp_lpcxpresso_1769\Debug\liblpc_board_nxp_lpcxpresso_1769.a(board.o)
 .text.Chip_GPIO_ReadPortBit
                0x000009d8       0x28 C:\Datos\RepoLocal\lpc_board_nxp_lpcxpresso_1769\Debug\liblpc_board_nxp_lpcxpresso_1769.a(board.o)
 .text.Chip_GPIO_SetPinDIROutput
                0x00000a00       0x38 C:\Datos\RepoLocal\lpc_board_nxp_lpcxpresso_1769\Debug\liblpc_board_nxp_lpcxpresso_1769.a(board.o)
 .text.Chip_GPIO_SetPinDIRInput
                0x00000a38       0x3c C:\Datos\RepoLocal\lpc_board_nxp_lpcxpresso_1769\Debug\liblpc_board_nxp_lpcxpresso_1769.a(board.o)
 .text.Chip_GPIO_SetPinDIR
                0x00000a74       0x44 C:\Datos\RepoLocal\lpc_board_nxp_lpcxpresso_1769\Debug\liblpc_board_nxp_lpcxpresso_1769.a(board.o)
 .text.Chip_GPIO_WriteDirBit
                0x00000ab8       0x2c C:\Datos\RepoLocal\lpc_board_nxp_lpcxpresso_1769\Debug\liblpc_board_nxp_lpcxpresso_1769.a(board.o)
 .text.Chip_UART_ConfigData
                0x00000ae4       0x1c C:\Datos\RepoLocal\lpc_board_nxp_lpcxpresso_1769\Debug\liblpc_board_nxp_lpcxpresso_1769.a(board.o)
 .text.Board_LED_Init
                0x00000b00       0x18 C:\Datos\RepoLocal\lpc_board_nxp_lpcxpresso_1769\Debug\liblpc_board_nxp_lpcxpresso_1769.a(board.o)
 .text.Board_UART_Init
                0x00000b18       0x14 C:\Datos\RepoLocal\lpc_board_nxp_lpcxpresso_1769\Debug\liblpc_board_nxp_lpcxpresso_1769.a(board.o)
                0x00000b18                Board_UART_Init
 .text.Board_Debug_Init
                0x00000b2c       0x30 C:\Datos\RepoLocal\lpc_board_nxp_lpcxpresso_1769\Debug\liblpc_board_nxp_lpcxpresso_1769.a(board.o)
                0x00000b2c                Board_Debug_Init
 .text.Board_LED_Set
                0x00000b5c       0x2c C:\Datos\RepoLocal\lpc_board_nxp_lpcxpresso_1769\Debug\liblpc_board_nxp_lpcxpresso_1769.a(board.o)
                0x00000b5c                Board_LED_Set
 .text.Board_LED_Test
                0x00000b88       0x30 C:\Datos\RepoLocal\lpc_board_nxp_lpcxpresso_1769\Debug\liblpc_board_nxp_lpcxpresso_1769.a(board.o)
                0x00000b88                Board_LED_Test
 .text.Board_LED_Toggle
                0x00000bb8       0x40 C:\Datos\RepoLocal\lpc_board_nxp_lpcxpresso_1769\Debug\liblpc_board_nxp_lpcxpresso_1769.a(board.o)
                0x00000bb8                Board_LED_Toggle
 .text.Board_Init
                0x00000bf8       0x24 C:\Datos\RepoLocal\lpc_board_nxp_lpcxpresso_1769\Debug\liblpc_board_nxp_lpcxpresso_1769.a(board.o)
                0x00000bf8                Board_Init
 .text.Chip_SYSCTL_SetFLASHAccess
                0x00000c1c       0x30 C:\Datos\RepoLocal\lpc_board_nxp_lpcxpresso_1769\Debug\liblpc_board_nxp_lpcxpresso_1769.a(board_sysinit.o)
 .text.Board_SetupMuxing
                0x00000c4c       0x18 C:\Datos\RepoLocal\lpc_board_nxp_lpcxpresso_1769\Debug\liblpc_board_nxp_lpcxpresso_1769.a(board_sysinit.o)
                0x00000c4c                Board_SetupMuxing
 .text.Board_SetupClocking
                0x00000c64       0x10 C:\Datos\RepoLocal\lpc_board_nxp_lpcxpresso_1769\Debug\liblpc_board_nxp_lpcxpresso_1769.a(board_sysinit.o)
                0x00000c64                Board_SetupClocking
 .text.Board_SystemInit
                0x00000c74       0x10 C:\Datos\RepoLocal\lpc_board_nxp_lpcxpresso_1769\Debug\liblpc_board_nxp_lpcxpresso_1769.a(board_sysinit.o)
                0x00000c74                Board_SystemInit
 .text.SystemCoreClockUpdate
                0x00000c84       0x14 C:\Datos\RepoLocal\lpc_chip_175x_6x\Debug\liblpc_chip_175x_6x.a(chip_17xx_40xx.o)
                0x00000c84                SystemCoreClockUpdate
 .text.Chip_Clock_IsMainPLLEnabled
                0x00000c98       0x28 C:\Datos\RepoLocal\lpc_chip_175x_6x\Debug\liblpc_chip_175x_6x.a(clock_17xx_40xx.o)
 .text.Chip_Clock_IsMainPLLConnected
                0x00000cc0       0x28 C:\Datos\RepoLocal\lpc_chip_175x_6x\Debug\liblpc_chip_175x_6x.a(clock_17xx_40xx.o)
 .text.Chip_Clock_FeedPLL
                0x00000ce8       0x34 C:\Datos\RepoLocal\lpc_chip_175x_6x\Debug\liblpc_chip_175x_6x.a(clock_17xx_40xx.o)
 .text.Chip_Clock_GetMainPLLSource
                0x00000d1c       0x20 C:\Datos\RepoLocal\lpc_chip_175x_6x\Debug\liblpc_chip_175x_6x.a(clock_17xx_40xx.o)
 .text.Chip_Clock_GetMainOscRate
                0x00000d3c       0x18 C:\Datos\RepoLocal\lpc_chip_175x_6x\Debug\liblpc_chip_175x_6x.a(clock_17xx_40xx.o)
 .text.Chip_Clock_GetIntOscRate
                0x00000d54       0x14 C:\Datos\RepoLocal\lpc_chip_175x_6x\Debug\liblpc_chip_175x_6x.a(clock_17xx_40xx.o)
 .text.Chip_Clock_GetRTCOscRate
                0x00000d68       0x18 C:\Datos\RepoLocal\lpc_chip_175x_6x\Debug\liblpc_chip_175x_6x.a(clock_17xx_40xx.o)
 .text.Chip_Clock_GetMainPLLInClockRate
                0x00000d80       0x10 C:\Datos\RepoLocal\lpc_chip_175x_6x\Debug\liblpc_chip_175x_6x.a(clock_17xx_40xx.o)
 .text.Chip_Clock_EnablePLL
                0x00000d90       0x44 C:\Datos\RepoLocal\lpc_chip_175x_6x\Debug\liblpc_chip_175x_6x.a(clock_17xx_40xx.o)
                0x00000d90                Chip_Clock_EnablePLL
 .text.Chip_Clock_DisablePLL
                0x00000dd4       0x44 C:\Datos\RepoLocal\lpc_chip_175x_6x\Debug\liblpc_chip_175x_6x.a(clock_17xx_40xx.o)
                0x00000dd4                Chip_Clock_DisablePLL
 .text.Chip_Clock_SetupPLL
                0x00000e18       0x58 C:\Datos\RepoLocal\lpc_chip_175x_6x\Debug\liblpc_chip_175x_6x.a(clock_17xx_40xx.o)
                0x00000e18                Chip_Clock_SetupPLL
 .text.Chip_Clock_EnablePeriphClock
                0x00000e70       0x34 C:\Datos\RepoLocal\lpc_chip_175x_6x\Debug\liblpc_chip_175x_6x.a(clock_17xx_40xx.o)
                0x00000e70                Chip_Clock_EnablePeriphClock
 .text.Chip_Clock_GetCPUClockSource
                0x00000ea4       0x24 C:\Datos\RepoLocal\lpc_chip_175x_6x\Debug\liblpc_chip_175x_6x.a(clock_17xx_40xx.o)
                0x00000ea4                Chip_Clock_GetCPUClockSource
 .text.Chip_Clock_SetCPUClockDiv
                0x00000ec8       0x20 C:\Datos\RepoLocal\lpc_chip_175x_6x\Debug\liblpc_chip_175x_6x.a(clock_17xx_40xx.o)
                0x00000ec8                Chip_Clock_SetCPUClockDiv
 .text.Chip_Clock_GetCPUClockDiv
                0x00000ee8       0x1c C:\Datos\RepoLocal\lpc_chip_175x_6x\Debug\liblpc_chip_175x_6x.a(clock_17xx_40xx.o)
                0x00000ee8                Chip_Clock_GetCPUClockDiv
 .text.Chip_Clock_GetPCLKDiv
                0x00000f04       0x90 C:\Datos\RepoLocal\lpc_chip_175x_6x\Debug\liblpc_chip_175x_6x.a(clock_17xx_40xx.o)
                0x00000f04                Chip_Clock_GetPCLKDiv
 .text.Chip_Clock_GetSYSCLKRate
                0x00000f94       0x34 C:\Datos\RepoLocal\lpc_chip_175x_6x\Debug\liblpc_chip_175x_6x.a(clock_17xx_40xx.o)
                0x00000f94                Chip_Clock_GetSYSCLKRate
 .text.Chip_Clock_GetMainPLLOutClockRate
                0x00000fc8       0x54 C:\Datos\RepoLocal\lpc_chip_175x_6x\Debug\liblpc_chip_175x_6x.a(clock_17xx_40xx.o)
                0x00000fc8                Chip_Clock_GetMainPLLOutClockRate
 .text.Chip_Clock_GetMainClockRate
                0x0000101c       0x28 C:\Datos\RepoLocal\lpc_chip_175x_6x\Debug\liblpc_chip_175x_6x.a(clock_17xx_40xx.o)
                0x0000101c                Chip_Clock_GetMainClockRate
 .text.Chip_Clock_GetSystemClockRate
                0x00001044       0x18 C:\Datos\RepoLocal\lpc_chip_175x_6x\Debug\liblpc_chip_175x_6x.a(clock_17xx_40xx.o)
                0x00001044                Chip_Clock_GetSystemClockRate
 .text.Chip_Clock_GetPeripheralClockRate
                0x0000105c       0x28 C:\Datos\RepoLocal\lpc_chip_175x_6x\Debug\liblpc_chip_175x_6x.a(clock_17xx_40xx.o)
                0x0000105c                Chip_Clock_GetPeripheralClockRate
 .text.Chip_IOCON_PinMuxSet
                0x00001084       0x34 C:\Datos\RepoLocal\lpc_chip_175x_6x\Debug\liblpc_chip_175x_6x.a(iocon_17xx_40xx.o)
                0x00001084                Chip_IOCON_PinMuxSet
 .text.Chip_IOCON_PinMux
                0x000010b8       0x94 C:\Datos\RepoLocal\lpc_chip_175x_6x\Debug\liblpc_chip_175x_6x.a(iocon_17xx_40xx.o)
                0x000010b8                Chip_IOCON_PinMux
 .text.Chip_IOCON_SetPinMuxing
                0x0000114c       0x60 C:\Datos\RepoLocal\lpc_chip_175x_6x\Debug\liblpc_chip_175x_6x.a(iocon_17xx_40xx.o)
                0x0000114c                Chip_IOCON_SetPinMuxing
 .text.RingBuffer_GetCount
                0x000011ac       0x24 C:\Datos\RepoLocal\lpc_chip_175x_6x\Debug\liblpc_chip_175x_6x.a(ring_buffer.o)
 .text.RingBuffer_IsFull
                0x000011d0       0x28 C:\Datos\RepoLocal\lpc_chip_175x_6x\Debug\liblpc_chip_175x_6x.a(ring_buffer.o)
 .text.RingBuffer_IsEmpty
                0x000011f8       0x2c C:\Datos\RepoLocal\lpc_chip_175x_6x\Debug\liblpc_chip_175x_6x.a(ring_buffer.o)
 .text.RingBuffer_Insert
                0x00001224       0x5c C:\Datos\RepoLocal\lpc_chip_175x_6x\Debug\liblpc_chip_175x_6x.a(ring_buffer.o)
                0x00001224                RingBuffer_Insert
 .text.RingBuffer_Pop
                0x00001280       0x5c C:\Datos\RepoLocal\lpc_chip_175x_6x\Debug\liblpc_chip_175x_6x.a(ring_buffer.o)
                0x00001280                RingBuffer_Pop
 .text.Chip_Clock_IsMainPLLEnabled
                0x000012dc       0x28 C:\Datos\RepoLocal\lpc_chip_175x_6x\Debug\liblpc_chip_175x_6x.a(sysinit_17xx_40xx.o)
 .text.Chip_Clock_IsMainPLLLocked
                0x00001304       0x28 C:\Datos\RepoLocal\lpc_chip_175x_6x\Debug\liblpc_chip_175x_6x.a(sysinit_17xx_40xx.o)
 .text.Chip_Clock_IsMainPLLConnected
                0x0000132c       0x28 C:\Datos\RepoLocal\lpc_chip_175x_6x\Debug\liblpc_chip_175x_6x.a(sysinit_17xx_40xx.o)
 .text.Chip_Clock_EnableCrystal
                0x00001354       0x20 C:\Datos\RepoLocal\lpc_chip_175x_6x\Debug\liblpc_chip_175x_6x.a(sysinit_17xx_40xx.o)
 .text.Chip_Clock_IsCrystalEnabled
                0x00001374       0x28 C:\Datos\RepoLocal\lpc_chip_175x_6x\Debug\liblpc_chip_175x_6x.a(sysinit_17xx_40xx.o)
 .text.Chip_Clock_SetMainPLLSource
                0x0000139c       0x20 C:\Datos\RepoLocal\lpc_chip_175x_6x\Debug\liblpc_chip_175x_6x.a(sysinit_17xx_40xx.o)
 .text.Chip_SetupXtalClocking
                0x000013bc       0x90 C:\Datos\RepoLocal\lpc_chip_175x_6x\Debug\liblpc_chip_175x_6x.a(sysinit_17xx_40xx.o)
                0x000013bc                Chip_SetupXtalClocking
 .text.RingBuffer_IsEmpty
                0x0000144c       0x2c C:\Datos\RepoLocal\lpc_chip_175x_6x\Debug\liblpc_chip_175x_6x.a(uart_17xx_40xx.o)
 .text.Chip_UART_SendByte
                0x00001478       0x1c C:\Datos\RepoLocal\lpc_chip_175x_6x\Debug\liblpc_chip_175x_6x.a(uart_17xx_40xx.o)
 .text.Chip_UART_ReadByte
                0x00001494       0x1c C:\Datos\RepoLocal\lpc_chip_175x_6x\Debug\liblpc_chip_175x_6x.a(uart_17xx_40xx.o)
 .text.Chip_UART_IntDisable
                0x000014b0       0x24 C:\Datos\RepoLocal\lpc_chip_175x_6x\Debug\liblpc_chip_175x_6x.a(uart_17xx_40xx.o)
 .text.Chip_UART_ReadIntIDReg
                0x000014d4       0x18 C:\Datos\RepoLocal\lpc_chip_175x_6x\Debug\liblpc_chip_175x_6x.a(uart_17xx_40xx.o)
 .text.Chip_UART_SetupFIFOS
                0x000014ec       0x1c C:\Datos\RepoLocal\lpc_chip_175x_6x\Debug\liblpc_chip_175x_6x.a(uart_17xx_40xx.o)
 .text.Chip_UART_ConfigData
                0x00001508       0x1c C:\Datos\RepoLocal\lpc_chip_175x_6x\Debug\liblpc_chip_175x_6x.a(uart_17xx_40xx.o)
 .text.Chip_UART_EnableDivisorAccess
                0x00001524       0x20 C:\Datos\RepoLocal\lpc_chip_175x_6x\Debug\liblpc_chip_175x_6x.a(uart_17xx_40xx.o)
 .text.Chip_UART_DisableDivisorAccess
                0x00001544       0x20 C:\Datos\RepoLocal\lpc_chip_175x_6x\Debug\liblpc_chip_175x_6x.a(uart_17xx_40xx.o)
 .text.Chip_UART_SetDivisorLatches
                0x00001564       0x28 C:\Datos\RepoLocal\lpc_chip_175x_6x\Debug\liblpc_chip_175x_6x.a(uart_17xx_40xx.o)
 .text.Chip_UART_ReadLineStatus
                0x0000158c       0x18 C:\Datos\RepoLocal\lpc_chip_175x_6x\Debug\liblpc_chip_175x_6x.a(uart_17xx_40xx.o)
 .text.Chip_UART_SetAutoBaudReg
                0x000015a4       0x20 C:\Datos\RepoLocal\lpc_chip_175x_6x\Debug\liblpc_chip_175x_6x.a(uart_17xx_40xx.o)
 .text.Chip_UART_GetClockIndex
                0x000015c4       0x50 C:\Datos\RepoLocal\lpc_chip_175x_6x\Debug\liblpc_chip_175x_6x.a(uart_17xx_40xx.o)
 .text.Chip_UART_ABIntHandler
                0x00001614       0x6c C:\Datos\RepoLocal\lpc_chip_175x_6x\Debug\liblpc_chip_175x_6x.a(uart_17xx_40xx.o)
 .text.Chip_UART_GetClkIndex
                0x00001680       0x50 C:\Datos\RepoLocal\lpc_chip_175x_6x\Debug\liblpc_chip_175x_6x.a(uart_17xx_40xx.o)
 .text.Chip_UART_Init
                0x000016d0       0x74 C:\Datos\RepoLocal\lpc_chip_175x_6x\Debug\liblpc_chip_175x_6x.a(uart_17xx_40xx.o)
                0x000016d0                Chip_UART_Init
 .text.Chip_UART_TXEnable
                0x00001744       0x18 C:\Datos\RepoLocal\lpc_chip_175x_6x\Debug\liblpc_chip_175x_6x.a(uart_17xx_40xx.o)
                0x00001744                Chip_UART_TXEnable
 .text.Chip_UART_TXDisable
                0x0000175c       0x18 C:\Datos\RepoLocal\lpc_chip_175x_6x\Debug\liblpc_chip_175x_6x.a(uart_17xx_40xx.o)
                0x0000175c                Chip_UART_TXDisable
 .text.Chip_UART_SetBaud
                0x00001774       0x64 C:\Datos\RepoLocal\lpc_chip_175x_6x\Debug\liblpc_chip_175x_6x.a(uart_17xx_40xx.o)
                0x00001774                Chip_UART_SetBaud
 .text.Chip_UART_RXIntHandlerRB
                0x000017d8       0x38 C:\Datos\RepoLocal\lpc_chip_175x_6x\Debug\liblpc_chip_175x_6x.a(uart_17xx_40xx.o)
                0x000017d8                Chip_UART_RXIntHandlerRB
 .text.Chip_UART_TXIntHandlerRB
                0x00001810       0x40 C:\Datos\RepoLocal\lpc_chip_175x_6x\Debug\liblpc_chip_175x_6x.a(uart_17xx_40xx.o)
                0x00001810                Chip_UART_TXIntHandlerRB
 .text.Chip_UART_IRQRBHandler
                0x00001850       0x48 C:\Datos\RepoLocal\lpc_chip_175x_6x\Debug\liblpc_chip_175x_6x.a(uart_17xx_40xx.o)
                0x00001850                Chip_UART_IRQRBHandler
 .text.memcpy   0x00001898        0x4 c:/nxp/lpcxpresso_7.9.0_455/lpcxpresso/tools/bin/../lib/gcc/arm-none-eabi/4.9.3/../../../../arm-none-eabi/lib/armv7-m\libcr_c.a(memcpy.o)
                0x00001898                memcpy
 .text.__weak_main
                0x0000189c        0x4 c:/nxp/lpcxpresso_7.9.0_455/lpcxpresso/tools/bin/../lib/gcc/arm-none-eabi/4.9.3/../../../../arm-none-eabi/lib/armv7-m\libcr_c.a(__weak__main.o)
                0x0000189c                __weak_main
                0x0000189c                __main
 .text.__aeabi_memcpy
                0x000018a0       0x34 c:/nxp/lpcxpresso_7.9.0_455/lpcxpresso/tools/bin/../lib/gcc/arm-none-eabi/4.9.3/armv7-m\libcr_eabihelpers.a(memcpy.o)
                0x000018a0                __aeabi_memcpy
                0x000018aa                __aeabi_memcpy8
                0x000018aa                __aeabi_memcpy4
 *(.rodata .rodata.* .constdata .constdata.*)
 .rodata.OscRateIn
                0x000018d4        0x4 C:\Datos\RepoLocal\lpc_board_nxp_lpcxpresso_1769\Debug\liblpc_board_nxp_lpcxpresso_1769.a(board.o)
                0x000018d4                OscRateIn
 .rodata.RTCOscRateIn
                0x000018d8        0x4 C:\Datos\RepoLocal\lpc_board_nxp_lpcxpresso_1769\Debug\liblpc_board_nxp_lpcxpresso_1769.a(board.o)
                0x000018d8                RTCOscRateIn
 .rodata.pinmuxing
                0x000018dc       0x48 C:\Datos\RepoLocal\lpc_board_nxp_lpcxpresso_1769\Debug\liblpc_board_nxp_lpcxpresso_1769.a(board_sysinit.o)
                0x00001924                . = ALIGN (0x4)

.glue_7         0x00001924        0x0
 .glue_7        0x00000000        0x0 linker stubs

.glue_7t        0x00001924        0x0
 .glue_7t       0x00000000        0x0 linker stubs

.vfp11_veneer   0x00001924        0x0
 .vfp11_veneer  0x00000000        0x0 linker stubs

.v4_bx          0x00001924        0x0
 .v4_bx         0x00000000        0x0 linker stubs

.iplt           0x00001924        0x0
 .iplt          0x00000000        0x0 ./src/GPIO.o

.rel.dyn        0x00001924        0x0
 .rel.iplt      0x00000000        0x0 ./src/GPIO.o

.ARM.extab
 *(.ARM.extab* .gnu.linkonce.armextab.*)
                0x00001924                __exidx_start = .

.ARM.exidx
 *(.ARM.exidx* .gnu.linkonce.armexidx.*)
                0x00001924                __exidx_end = .
                0x00001924                _etext = .

.data_RAM2      0x2007c000        0x0 load address 0x00001924
 FILL mask 0xff
                0x2007c000                PROVIDE (__start_data_RAM2, .)
 *(.ramfunc.$RAM2)
 *(.ramfunc.$RamAHB32)
 *(.data.$RAM2*)
 *(.data.$RamAHB32*)
                0x2007c000                . = ALIGN (0x4)
                0x2007c000                PROVIDE (__end_data_RAM2, .)

.uninit_RESERVED
                0x10000000        0x0
 *(.bss.$RESERVED*)
                0x10000000                . = ALIGN (0x4)
                0x10000000                _end_uninit_RESERVED = .

.data           0x10000000        0x0 load address 0x00001924
 FILL mask 0xff
                0x10000000                _data = .
 *(vtable)
 *(.ramfunc*)
 *(.data*)
                0x10000000                . = ALIGN (0x4)
                0x10000000                _edata = .

.igot.plt       0x10000000        0x0 load address 0x00001924
 .igot.plt      0x00000000        0x0 ./src/GPIO.o

.bss_RAM2       0x2007c000        0x0
                0x2007c000                PROVIDE (__start_bss_RAM2, .)
 *(.bss.$RAM2*)
 *(.bss.$RamAHB32*)
                0x2007c000                . = ALIGN ((. != 0x0)?0x4:0x1)
                0x2007c000                PROVIDE (__end_bss_RAM2, .)

.bss            0x10000000       0x54
                0x10000000                _bss = .
 *(.bss*)
 .bss.fIntervalReached
                0x10000000        0x1 ./src/RTC.o
 .bss.fAlarmTimeMatched
                0x10000001        0x1 ./src/RTC.o
 .bss.On0       0x10000002        0x1 ./src/RTC.o
 *fill*         0x10000003        0x1 
 .bss.Teclas    0x10000004        0x4 ./src/Teclado.o
                0x10000004                Teclas
 .bss.TeclasAnterior
                0x10000008        0x4 ./src/Teclado.o
                0x10000008                TeclasAnterior
 .bss.TeclaPresionada
                0x1000000c        0x4 ./src/Teclado.o
                0x1000000c                TeclaPresionada
 .bss.TiempoPresionado
                0x10000010        0x4 ./src/Teclado.o
                0x10000010                TiempoPresionado
 .bss.buzz      0x10000014        0x4 ./src/Teclado.o
                0x10000014                buzz
 .bss.Presionado
                0x10000018        0x1 ./src/Teclado.o
                0x10000018                Presionado
 .bss.PresionLarga
                0x10000019        0x1 ./src/Teclado.o
                0x10000019                PresionLarga
 *fill*         0x1000001a        0x2 
 .bss.i.7416    0x1000001c        0x4 ./src/demo_lucas_board.o
 .bss.ABsyncSts
                0x10000020        0x1 C:\Datos\RepoLocal\lpc_chip_175x_6x\Debug\liblpc_chip_175x_6x.a(uart_17xx_40xx.o)
 *(COMMON)
 *fill*         0x10000021        0x3 
 COMMON         0x10000024        0x4 ./src/LCD.o
                0x10000024                usTicks
 COMMON         0x10000028       0x28 ./src/UART.o
                0x10000028                txring
                0x1000003c                rxring
 COMMON         0x10000050        0x4 C:\Datos\RepoLocal\lpc_chip_175x_6x\Debug\liblpc_chip_175x_6x.a(chip_17xx_40xx.o)
                0x10000050                SystemCoreClock
                0x10000054                . = ALIGN (0x4)
                0x10000054                _ebss = .
                0x10000054                PROVIDE (end, .)

.noinit_RAM2    0x2007c000        0x0
 *(.noinit.$RAM2*)
 *(.noinit.$RamAHB32*)
                0x2007c000                . = ALIGN (0x4)

.noinit         0x10000054        0x0
                0x10000054                _noinit = .
 *(.noinit*)
                0x10000054                . = ALIGN (0x4)
                0x10000054                _end_noinit = .
                0x10000054                PROVIDE (_pvHeapStart, DEFINED (__user_heap_base)?__user_heap_base:.)
                0x10008000                PROVIDE (_vStackTop, DEFINED (__user_stack_top)?__user_stack_top:(__top_RamLoc32 - 0x0))
                0xefff74b2                PROVIDE (__valid_user_code_checksum, (0x0 - ((((((_vStackTop + (ResetISR + 0x1)) + (NMI_Handler + 0x1)) + (HardFault_Handler + 0x1)) + (DEFINED (MemManage_Handler)?MemManage_Handler:0x0 + 0x1)) + (DEFINED (BusFault_Handler)?BusFault_Handler:0x0 + 0x1)) + (DEFINED (UsageFault_Handler)?UsageFault_Handler:0x0 + 0x1))))
OUTPUT(demo_lucas_board.axf elf32-littlearm)

.debug_info     0x00000000     0x6934
 .debug_info    0x00000000      0xccf ./src/LCD.o
 .debug_info    0x00000ccf      0x731 ./src/RTC.o
 .debug_info    0x00001400      0xae0 ./src/Teclado.o
 .debug_info    0x00001ee0      0xa19 ./src/UART.o
 .debug_info    0x000028f9      0x24e ./src/cr_startup_lpc175x_6x.o
 .debug_info    0x00002b47       0x3f ./src/crp.o
 .debug_info    0x00002b86       0xfc ./src/demo_lucas_board.o
 .debug_info    0x00002c82      0x110 ./src/sysinit.o
 .debug_info    0x00002d92      0xe41 C:\Datos\RepoLocal\lpc_board_nxp_lpcxpresso_1769\Debug\liblpc_board_nxp_lpcxpresso_1769.a(board.o)
 .debug_info    0x00003bd3      0x558 C:\Datos\RepoLocal\lpc_board_nxp_lpcxpresso_1769\Debug\liblpc_board_nxp_lpcxpresso_1769.a(board_sysinit.o)
 .debug_info    0x0000412b      0x425 C:\Datos\RepoLocal\lpc_chip_175x_6x\Debug\liblpc_chip_175x_6x.a(chip_17xx_40xx.o)
 .debug_info    0x00004550      0xb46 C:\Datos\RepoLocal\lpc_chip_175x_6x\Debug\liblpc_chip_175x_6x.a(clock_17xx_40xx.o)
 .debug_info    0x00005096      0x2d9 C:\Datos\RepoLocal\lpc_chip_175x_6x\Debug\liblpc_chip_175x_6x.a(iocon_17xx_40xx.o)
 .debug_info    0x0000536f      0x344 C:\Datos\RepoLocal\lpc_chip_175x_6x\Debug\liblpc_chip_175x_6x.a(ring_buffer.o)
 .debug_info    0x000056b3      0x431 C:\Datos\RepoLocal\lpc_chip_175x_6x\Debug\liblpc_chip_175x_6x.a(sysinit_17xx_40xx.o)
 .debug_info    0x00005ae4      0xe50 C:\Datos\RepoLocal\lpc_chip_175x_6x\Debug\liblpc_chip_175x_6x.a(uart_17xx_40xx.o)

.debug_abbrev   0x00000000     0x1b00
 .debug_abbrev  0x00000000      0x279 ./src/LCD.o
 .debug_abbrev  0x00000279      0x225 ./src/RTC.o
 .debug_abbrev  0x0000049e      0x281 ./src/Teclado.o
 .debug_abbrev  0x0000071f      0x24a ./src/UART.o
 .debug_abbrev  0x00000969       0xf5 ./src/cr_startup_lpc175x_6x.o
 .debug_abbrev  0x00000a5e       0x36 ./src/crp.o
 .debug_abbrev  0x00000a94       0x95 ./src/demo_lucas_board.o
 .debug_abbrev  0x00000b29       0xa3 ./src/sysinit.o
 .debug_abbrev  0x00000bcc      0x327 C:\Datos\RepoLocal\lpc_board_nxp_lpcxpresso_1769\Debug\liblpc_board_nxp_lpcxpresso_1769.a(board.o)
 .debug_abbrev  0x00000ef3      0x15a C:\Datos\RepoLocal\lpc_board_nxp_lpcxpresso_1769\Debug\liblpc_board_nxp_lpcxpresso_1769.a(board_sysinit.o)
 .debug_abbrev  0x0000104d      0x129 C:\Datos\RepoLocal\lpc_chip_175x_6x\Debug\liblpc_chip_175x_6x.a(chip_17xx_40xx.o)
 .debug_abbrev  0x00001176      0x2e4 C:\Datos\RepoLocal\lpc_chip_175x_6x\Debug\liblpc_chip_175x_6x.a(clock_17xx_40xx.o)
 .debug_abbrev  0x0000145a      0x126 C:\Datos\RepoLocal\lpc_chip_175x_6x\Debug\liblpc_chip_175x_6x.a(iocon_17xx_40xx.o)
 .debug_abbrev  0x00001580      0x12d C:\Datos\RepoLocal\lpc_chip_175x_6x\Debug\liblpc_chip_175x_6x.a(ring_buffer.o)
 .debug_abbrev  0x000016ad      0x171 C:\Datos\RepoLocal\lpc_chip_175x_6x\Debug\liblpc_chip_175x_6x.a(sysinit_17xx_40xx.o)
 .debug_abbrev  0x0000181e      0x2e2 C:\Datos\RepoLocal\lpc_chip_175x_6x\Debug\liblpc_chip_175x_6x.a(uart_17xx_40xx.o)

.debug_aranges  0x00000000      0x920
 .debug_aranges
                0x00000000      0x140 ./src/LCD.o
 .debug_aranges
                0x00000140       0x58 ./src/RTC.o
 .debug_aranges
                0x00000198      0x128 ./src/Teclado.o
 .debug_aranges
                0x000002c0       0x88 ./src/UART.o
 .debug_aranges
                0x00000348       0x80 ./src/cr_startup_lpc175x_6x.o
 .debug_aranges
                0x000003c8       0x18 ./src/crp.o
 .debug_aranges
                0x000003e0       0x20 ./src/demo_lucas_board.o
 .debug_aranges
                0x00000400       0x20 ./src/sysinit.o
 .debug_aranges
                0x00000420      0x158 C:\Datos\RepoLocal\lpc_board_nxp_lpcxpresso_1769\Debug\liblpc_board_nxp_lpcxpresso_1769.a(board.o)
 .debug_aranges
                0x00000578       0x38 C:\Datos\RepoLocal\lpc_board_nxp_lpcxpresso_1769\Debug\liblpc_board_nxp_lpcxpresso_1769.a(board_sysinit.o)
 .debug_aranges
                0x000005b0       0x38 C:\Datos\RepoLocal\lpc_chip_175x_6x\Debug\liblpc_chip_175x_6x.a(chip_17xx_40xx.o)
 .debug_aranges
                0x000005e8      0x120 C:\Datos\RepoLocal\lpc_chip_175x_6x\Debug\liblpc_chip_175x_6x.a(clock_17xx_40xx.o)
 .debug_aranges
                0x00000708       0x30 C:\Datos\RepoLocal\lpc_chip_175x_6x\Debug\liblpc_chip_175x_6x.a(iocon_17xx_40xx.o)
 .debug_aranges
                0x00000738       0x60 C:\Datos\RepoLocal\lpc_chip_175x_6x\Debug\liblpc_chip_175x_6x.a(ring_buffer.o)
 .debug_aranges
                0x00000798       0x60 C:\Datos\RepoLocal\lpc_chip_175x_6x\Debug\liblpc_chip_175x_6x.a(sysinit_17xx_40xx.o)
 .debug_aranges
                0x000007f8      0x128 C:\Datos\RepoLocal\lpc_chip_175x_6x\Debug\liblpc_chip_175x_6x.a(uart_17xx_40xx.o)

.debug_ranges   0x00000000      0x818
 .debug_ranges  0x00000000      0x130 ./src/LCD.o
 .debug_ranges  0x00000130       0x48 ./src/RTC.o
 .debug_ranges  0x00000178      0x118 ./src/Teclado.o
 .debug_ranges  0x00000290       0x78 ./src/UART.o
 .debug_ranges  0x00000308       0x70 ./src/cr_startup_lpc175x_6x.o
 .debug_ranges  0x00000378       0x10 ./src/demo_lucas_board.o
 .debug_ranges  0x00000388       0x10 ./src/sysinit.o
 .debug_ranges  0x00000398      0x148 C:\Datos\RepoLocal\lpc_board_nxp_lpcxpresso_1769\Debug\liblpc_board_nxp_lpcxpresso_1769.a(board.o)
 .debug_ranges  0x000004e0       0x28 C:\Datos\RepoLocal\lpc_board_nxp_lpcxpresso_1769\Debug\liblpc_board_nxp_lpcxpresso_1769.a(board_sysinit.o)
 .debug_ranges  0x00000508       0x28 C:\Datos\RepoLocal\lpc_chip_175x_6x\Debug\liblpc_chip_175x_6x.a(chip_17xx_40xx.o)
 .debug_ranges  0x00000530      0x110 C:\Datos\RepoLocal\lpc_chip_175x_6x\Debug\liblpc_chip_175x_6x.a(clock_17xx_40xx.o)
 .debug_ranges  0x00000640       0x20 C:\Datos\RepoLocal\lpc_chip_175x_6x\Debug\liblpc_chip_175x_6x.a(iocon_17xx_40xx.o)
 .debug_ranges  0x00000660       0x50 C:\Datos\RepoLocal\lpc_chip_175x_6x\Debug\liblpc_chip_175x_6x.a(ring_buffer.o)
 .debug_ranges  0x000006b0       0x50 C:\Datos\RepoLocal\lpc_chip_175x_6x\Debug\liblpc_chip_175x_6x.a(sysinit_17xx_40xx.o)
 .debug_ranges  0x00000700      0x118 C:\Datos\RepoLocal\lpc_chip_175x_6x\Debug\liblpc_chip_175x_6x.a(uart_17xx_40xx.o)

.debug_macro    0x00000000     0x2989
 .debug_macro   0x00000000      0x220 ./src/LCD.o
 .debug_macro   0x00000220       0x70 ./src/LCD.o
 .debug_macro   0x00000290       0xc4 ./src/LCD.o
 .debug_macro   0x00000354      0x1f3 ./src/RTC.o
 .debug_macro   0x00000547       0x22 ./src/RTC.o
 .debug_macro   0x00000569       0x7c ./src/RTC.o
 .debug_macro   0x000005e5      0x229 ./src/Teclado.o
 .debug_macro   0x0000080e       0xe2 ./src/Teclado.o
 .debug_macro   0x000008f0       0x82 ./src/Teclado.o
 .debug_macro   0x00000972      0x234 ./src/UART.o
 .debug_macro   0x00000ba6       0x70 ./src/UART.o
 .debug_macro   0x00000c16       0x22 ./src/UART.o
 .debug_macro   0x00000c38       0x1d ./src/cr_startup_lpc175x_6x.o
 .debug_macro   0x00000c55       0x1a ./src/crp.o
 .debug_macro   0x00000c6f       0x34 ./src/crp.o
 .debug_macro   0x00000ca3      0x25c ./src/demo_lucas_board.o
 .debug_macro   0x00000eff       0x82 ./src/demo_lucas_board.o
 .debug_macro   0x00000f81       0xc4 ./src/demo_lucas_board.o
 .debug_macro   0x00001045      0x217 ./src/sysinit.o
 .debug_macro   0x0000125c      0x282 C:\Datos\RepoLocal\lpc_board_nxp_lpcxpresso_1769\Debug\liblpc_board_nxp_lpcxpresso_1769.a(board.o)
 .debug_macro   0x000014de      0x87a C:\Datos\RepoLocal\lpc_board_nxp_lpcxpresso_1769\Debug\liblpc_board_nxp_lpcxpresso_1769.a(board.o)
 .debug_macro   0x00001d58       0x12 C:\Datos\RepoLocal\lpc_board_nxp_lpcxpresso_1769\Debug\liblpc_board_nxp_lpcxpresso_1769.a(board.o)
 .debug_macro   0x00001d6a      0x217 C:\Datos\RepoLocal\lpc_board_nxp_lpcxpresso_1769\Debug\liblpc_board_nxp_lpcxpresso_1769.a(board_sysinit.o)
 .debug_macro   0x00001f81      0x1cd C:\Datos\RepoLocal\lpc_chip_175x_6x\Debug\liblpc_chip_175x_6x.a(chip_17xx_40xx.o)
 .debug_macro   0x0000214e      0x1cd C:\Datos\RepoLocal\lpc_chip_175x_6x\Debug\liblpc_chip_175x_6x.a(clock_17xx_40xx.o)
 .debug_macro   0x0000231b      0x1cd C:\Datos\RepoLocal\lpc_chip_175x_6x\Debug\liblpc_chip_175x_6x.a(iocon_17xx_40xx.o)
 .debug_macro   0x000024e8       0x83 C:\Datos\RepoLocal\lpc_chip_175x_6x\Debug\liblpc_chip_175x_6x.a(ring_buffer.o)
 .debug_macro   0x0000256b       0x74 C:\Datos\RepoLocal\lpc_chip_175x_6x\Debug\liblpc_chip_175x_6x.a(ring_buffer.o)
 .debug_macro   0x000025df       0x10 C:\Datos\RepoLocal\lpc_chip_175x_6x\Debug\liblpc_chip_175x_6x.a(ring_buffer.o)
 .debug_macro   0x000025ef      0x1cd C:\Datos\RepoLocal\lpc_chip_175x_6x\Debug\liblpc_chip_175x_6x.a(sysinit_17xx_40xx.o)
 .debug_macro   0x000027bc      0x1cd C:\Datos\RepoLocal\lpc_chip_175x_6x\Debug\liblpc_chip_175x_6x.a(uart_17xx_40xx.o)

.debug_line     0x00000000     0x4d07
 .debug_line    0x00000000      0x7aa ./src/LCD.o
 .debug_line    0x000007aa      0x4ce ./src/RTC.o
 .debug_line    0x00000c78      0x73e ./src/Teclado.o
 .debug_line    0x000013b6      0x57e ./src/UART.o
 .debug_line    0x00001934       0xd5 ./src/cr_startup_lpc175x_6x.o
 .debug_line    0x00001a09       0x78 ./src/crp.o
 .debug_line    0x00001a81      0x4f0 ./src/demo_lucas_board.o
 .debug_line    0x00001f71      0x44b ./src/sysinit.o
 .debug_line    0x000023bc      0x7d3 C:\Datos\RepoLocal\lpc_board_nxp_lpcxpresso_1769\Debug\liblpc_board_nxp_lpcxpresso_1769.a(board.o)
 .debug_line    0x00002b8f      0x48b C:\Datos\RepoLocal\lpc_board_nxp_lpcxpresso_1769\Debug\liblpc_board_nxp_lpcxpresso_1769.a(board_sysinit.o)
 .debug_line    0x0000301a      0x433 C:\Datos\RepoLocal\lpc_chip_175x_6x\Debug\liblpc_chip_175x_6x.a(chip_17xx_40xx.o)
 .debug_line    0x0000344d      0x6ab C:\Datos\RepoLocal\lpc_chip_175x_6x\Debug\liblpc_chip_175x_6x.a(clock_17xx_40xx.o)
 .debug_line    0x00003af8      0x420 C:\Datos\RepoLocal\lpc_chip_175x_6x\Debug\liblpc_chip_175x_6x.a(iocon_17xx_40xx.o)
 .debug_line    0x00003f18      0x233 C:\Datos\RepoLocal\lpc_chip_175x_6x\Debug\liblpc_chip_175x_6x.a(ring_buffer.o)
 .debug_line    0x0000414b      0x4aa C:\Datos\RepoLocal\lpc_chip_175x_6x\Debug\liblpc_chip_175x_6x.a(sysinit_17xx_40xx.o)
 .debug_line    0x000045f5      0x712 C:\Datos\RepoLocal\lpc_chip_175x_6x\Debug\liblpc_chip_175x_6x.a(uart_17xx_40xx.o)

.debug_str      0x00000000    0x13c45
 .debug_str     0x00000000    0x11406 ./src/LCD.o
                              0x1151e (size before relaxing)
 .debug_str     0x00011406      0x218 ./src/RTC.o
                              0x10c6e (size before relaxing)
 .debug_str     0x0001161e      0x579 ./src/Teclado.o
                              0x11689 (size before relaxing)
 .debug_str     0x00011b97      0x23e ./src/UART.o
                              0x11034 (size before relaxing)
 .debug_str     0x00011dd5      0x1c2 ./src/cr_startup_lpc175x_6x.o
                               0x2632 (size before relaxing)
 .debug_str     0x00011f97       0xe9 ./src/crp.o
                               0x254a (size before relaxing)
 .debug_str     0x00012080      0x47b ./src/demo_lucas_board.o
                              0x11317 (size before relaxing)
 .debug_str     0x000124fb       0x1b ./src/sysinit.o
                              0x10986 (size before relaxing)
 .debug_str     0x00012516      0x8a6 C:\Datos\RepoLocal\lpc_board_nxp_lpcxpresso_1769\Debug\liblpc_board_nxp_lpcxpresso_1769.a(board.o)
                              0x114f5 (size before relaxing)
 .debug_str     0x00012dbc      0x22d C:\Datos\RepoLocal\lpc_board_nxp_lpcxpresso_1769\Debug\liblpc_board_nxp_lpcxpresso_1769.a(board_sysinit.o)
                              0x10d90 (size before relaxing)
 .debug_str     0x00012fe9       0xad C:\Datos\RepoLocal\lpc_chip_175x_6x\Debug\liblpc_chip_175x_6x.a(chip_17xx_40xx.o)
                              0x107d6 (size before relaxing)
 .debug_str     0x00013096      0x628 C:\Datos\RepoLocal\lpc_chip_175x_6x\Debug\liblpc_chip_175x_6x.a(clock_17xx_40xx.o)
                              0x110f5 (size before relaxing)
 .debug_str     0x000136be       0x79 C:\Datos\RepoLocal\lpc_chip_175x_6x\Debug\liblpc_chip_175x_6x.a(iocon_17xx_40xx.o)
                              0x10572 (size before relaxing)
 .debug_str     0x00013737      0x149 C:\Datos\RepoLocal\lpc_chip_175x_6x\Debug\liblpc_chip_175x_6x.a(ring_buffer.o)
                               0x3fc4 (size before relaxing)
 .debug_str     0x00013880       0xc4 C:\Datos\RepoLocal\lpc_chip_175x_6x\Debug\liblpc_chip_175x_6x.a(sysinit_17xx_40xx.o)
                              0x1075a (size before relaxing)
 .debug_str     0x00013944      0x301 C:\Datos\RepoLocal\lpc_chip_175x_6x\Debug\liblpc_chip_175x_6x.a(uart_17xx_40xx.o)
                              0x10f8d (size before relaxing)

.comment        0x00000000       0xe0
 .comment       0x00000000       0x70 ./src/LCD.o
                                 0x71 (size before relaxing)
 .comment       0x00000000       0x71 ./src/RTC.o
 .comment       0x00000000       0x71 ./src/Teclado.o
 .comment       0x00000000       0x71 ./src/UART.o
 .comment       0x00000000       0x71 ./src/cr_startup_lpc175x_6x.o
 .comment       0x00000000       0x71 ./src/crp.o
 .comment       0x00000000       0x71 ./src/demo_lucas_board.o
 .comment       0x00000000       0x71 ./src/sysinit.o
 .comment       0x00000000       0x71 C:\Datos\RepoLocal\lpc_board_nxp_lpcxpresso_1769\Debug\liblpc_board_nxp_lpcxpresso_1769.a(board.o)
 .comment       0x00000000       0x71 C:\Datos\RepoLocal\lpc_board_nxp_lpcxpresso_1769\Debug\liblpc_board_nxp_lpcxpresso_1769.a(board_sysinit.o)
 .comment       0x00000000       0x71 C:\Datos\RepoLocal\lpc_chip_175x_6x\Debug\liblpc_chip_175x_6x.a(chip_17xx_40xx.o)
 .comment       0x00000000       0x71 C:\Datos\RepoLocal\lpc_chip_175x_6x\Debug\liblpc_chip_175x_6x.a(clock_17xx_40xx.o)
 .comment       0x00000000       0x71 C:\Datos\RepoLocal\lpc_chip_175x_6x\Debug\liblpc_chip_175x_6x.a(iocon_17xx_40xx.o)
 .comment       0x00000000       0x71 C:\Datos\RepoLocal\lpc_chip_175x_6x\Debug\liblpc_chip_175x_6x.a(ring_buffer.o)
 .comment       0x00000000       0x71 C:\Datos\RepoLocal\lpc_chip_175x_6x\Debug\liblpc_chip_175x_6x.a(sysinit_17xx_40xx.o)
 .comment       0x00000000       0x71 C:\Datos\RepoLocal\lpc_chip_175x_6x\Debug\liblpc_chip_175x_6x.a(uart_17xx_40xx.o)
 .comment       0x00000070       0x70 c:/nxp/lpcxpresso_7.9.0_455/lpcxpresso/tools/bin/../lib/gcc/arm-none-eabi/4.9.3/../../../../arm-none-eabi/lib/armv7-m\libcr_c.a(memcpy.o)
                                 0x71 (size before relaxing)
 .comment       0x00000000       0x71 c:/nxp/lpcxpresso_7.9.0_455/lpcxpresso/tools/bin/../lib/gcc/arm-none-eabi/4.9.3/../../../../arm-none-eabi/lib/armv7-m\libcr_c.a(__weak__main.o)

.ARM.attributes
                0x00000000       0x31
 .ARM.attributes
                0x00000000       0x33 ./src/LCD.o
 .ARM.attributes
                0x00000033       0x33 ./src/RTC.o
 .ARM.attributes
                0x00000066       0x33 ./src/Teclado.o
 .ARM.attributes
                0x00000099       0x33 ./src/UART.o
 .ARM.attributes
                0x000000cc       0x33 ./src/cr_startup_lpc175x_6x.o
 .ARM.attributes
                0x000000ff       0x33 ./src/crp.o
 .ARM.attributes
                0x00000132       0x33 ./src/demo_lucas_board.o
 .ARM.attributes
                0x00000165       0x33 ./src/sysinit.o
 .ARM.attributes
                0x00000198       0x33 C:\Datos\RepoLocal\lpc_board_nxp_lpcxpresso_1769\Debug\liblpc_board_nxp_lpcxpresso_1769.a(board.o)
 .ARM.attributes
                0x000001cb       0x33 C:\Datos\RepoLocal\lpc_board_nxp_lpcxpresso_1769\Debug\liblpc_board_nxp_lpcxpresso_1769.a(board_sysinit.o)
 .ARM.attributes
                0x000001fe       0x33 C:\Datos\RepoLocal\lpc_chip_175x_6x\Debug\liblpc_chip_175x_6x.a(chip_17xx_40xx.o)
 .ARM.attributes
                0x00000231       0x33 C:\Datos\RepoLocal\lpc_chip_175x_6x\Debug\liblpc_chip_175x_6x.a(clock_17xx_40xx.o)
 .ARM.attributes
                0x00000264       0x33 C:\Datos\RepoLocal\lpc_chip_175x_6x\Debug\liblpc_chip_175x_6x.a(iocon_17xx_40xx.o)
 .ARM.attributes
                0x00000297       0x33 C:\Datos\RepoLocal\lpc_chip_175x_6x\Debug\liblpc_chip_175x_6x.a(ring_buffer.o)
 .ARM.attributes
                0x000002ca       0x33 C:\Datos\RepoLocal\lpc_chip_175x_6x\Debug\liblpc_chip_175x_6x.a(sysinit_17xx_40xx.o)
 .ARM.attributes
                0x000002fd       0x33 C:\Datos\RepoLocal\lpc_chip_175x_6x\Debug\liblpc_chip_175x_6x.a(uart_17xx_40xx.o)
 .ARM.attributes
                0x00000330       0x33 c:/nxp/lpcxpresso_7.9.0_455/lpcxpresso/tools/bin/../lib/gcc/arm-none-eabi/4.9.3/../../../../arm-none-eabi/lib/armv7-m\libcr_c.a(memcpy.o)
 .ARM.attributes
                0x00000363       0x33 c:/nxp/lpcxpresso_7.9.0_455/lpcxpresso/tools/bin/../lib/gcc/arm-none-eabi/4.9.3/../../../../arm-none-eabi/lib/armv7-m\libcr_c.a(__weak__main.o)
 .ARM.attributes
                0x00000396       0x21 c:/nxp/lpcxpresso_7.9.0_455/lpcxpresso/tools/bin/../lib/gcc/arm-none-eabi/4.9.3/armv7-m\libcr_eabihelpers.a(memcpy.o)

.debug_frame    0x00000000     0x226c
 .debug_frame   0x00000000      0x54c ./src/LCD.o
 .debug_frame   0x0000054c      0x130 ./src/RTC.o
 .debug_frame   0x0000067c      0x47c ./src/Teclado.o
 .debug_frame   0x00000af8      0x210 ./src/UART.o
 .debug_frame   0x00000d08      0x170 ./src/cr_startup_lpc175x_6x.o
 .debug_frame   0x00000e78       0x2c ./src/demo_lucas_board.o
 .debug_frame   0x00000ea4       0x34 ./src/sysinit.o
 .debug_frame   0x00000ed8      0x5b0 C:\Datos\RepoLocal\lpc_board_nxp_lpcxpresso_1769\Debug\liblpc_board_nxp_lpcxpresso_1769.a(board.o)
 .debug_frame   0x00001488       0x8c C:\Datos\RepoLocal\lpc_board_nxp_lpcxpresso_1769\Debug\liblpc_board_nxp_lpcxpresso_1769.a(board_sysinit.o)
 .debug_frame   0x00001514       0x88 C:\Datos\RepoLocal\lpc_chip_175x_6x\Debug\liblpc_chip_175x_6x.a(chip_17xx_40xx.o)
 .debug_frame   0x0000159c      0x490 C:\Datos\RepoLocal\lpc_chip_175x_6x\Debug\liblpc_chip_175x_6x.a(clock_17xx_40xx.o)
 .debug_frame   0x00001a2c       0x88 C:\Datos\RepoLocal\lpc_chip_175x_6x\Debug\liblpc_chip_175x_6x.a(iocon_17xx_40xx.o)
 .debug_frame   0x00001ab4      0x164 C:\Datos\RepoLocal\lpc_chip_175x_6x\Debug\liblpc_chip_175x_6x.a(ring_buffer.o)
 .debug_frame   0x00001c18      0x12c C:\Datos\RepoLocal\lpc_chip_175x_6x\Debug\liblpc_chip_175x_6x.a(sysinit_17xx_40xx.o)
 .debug_frame   0x00001d44      0x528 C:\Datos\RepoLocal\lpc_chip_175x_6x\Debug\liblpc_chip_175x_6x.a(uart_17xx_40xx.o)
