Archive member included to satisfy reference by file (symbol)

C:\Users\Manuel Guerrero\TD2\Workspace\lpc_board_nxp_lpcxpresso_1769\Debug\liblpc_board_nxp_lpcxpresso_1769.a(board.o)
                              ./src/Teclado.o (Board_LED_Toggle)
C:\Users\Manuel Guerrero\TD2\Workspace\lpc_board_nxp_lpcxpresso_1769\Debug\liblpc_board_nxp_lpcxpresso_1769.a(board_sysinit.o)
                              ./src/sysinit.o (Board_SystemInit)
C:\Users\Manuel Guerrero\TD2\Workspace\lpc_chip_175x_6x\Debug\liblpc_chip_175x_6x.a(chip_17xx_40xx.o)
                              ./src/demo_lucas_board.o (SystemCoreClock)
C:\Users\Manuel Guerrero\TD2\Workspace\lpc_chip_175x_6x\Debug\liblpc_chip_175x_6x.a(clock_17xx_40xx.o)
                              C:\Users\Manuel Guerrero\TD2\Workspace\lpc_chip_175x_6x\Debug\liblpc_chip_175x_6x.a(chip_17xx_40xx.o) (Chip_Clock_EnablePLL)
C:\Users\Manuel Guerrero\TD2\Workspace\lpc_chip_175x_6x\Debug\liblpc_chip_175x_6x.a(i2s_17xx_40xx.o)
                              C:\Users\Manuel Guerrero\TD2\Workspace\lpc_board_nxp_lpcxpresso_1769\Debug\liblpc_board_nxp_lpcxpresso_1769.a(board.o) (Chip_I2S_Init)
C:\Users\Manuel Guerrero\TD2\Workspace\lpc_chip_175x_6x\Debug\liblpc_chip_175x_6x.a(iocon_17xx_40xx.o)
                              ./src/UART.o (Chip_IOCON_PinMux)
C:\Users\Manuel Guerrero\TD2\Workspace\lpc_chip_175x_6x\Debug\liblpc_chip_175x_6x.a(ring_buffer.o)
                              ./src/UART.o (RingBuffer_Init)
C:\Users\Manuel Guerrero\TD2\Workspace\lpc_chip_175x_6x\Debug\liblpc_chip_175x_6x.a(rtc_17xx_40xx.o)
                              ./src/RTC.o (Chip_RTC_Init)
C:\Users\Manuel Guerrero\TD2\Workspace\lpc_chip_175x_6x\Debug\liblpc_chip_175x_6x.a(sysinit_17xx_40xx.o)
                              C:\Users\Manuel Guerrero\TD2\Workspace\lpc_board_nxp_lpcxpresso_1769\Debug\liblpc_board_nxp_lpcxpresso_1769.a(board_sysinit.o) (Chip_SetupXtalClocking)
C:\Users\Manuel Guerrero\TD2\Workspace\lpc_chip_175x_6x\Debug\liblpc_chip_175x_6x.a(timer_17xx_40xx.o)
                              ./src/LCD.o (Chip_TIMER_Init)
C:\Users\Manuel Guerrero\TD2\Workspace\lpc_chip_175x_6x\Debug\liblpc_chip_175x_6x.a(uart_17xx_40xx.o)
                              ./src/UART.o (Chip_UART_Init)
c:/nxp/lpcxpresso_8.2.2_650/lpcxpresso/tools/bin/../lib/gcc/arm-none-eabi/5.4.1/../../../../arm-none-eabi/lib/armv7-m\libcr_c.a(memcpy.o)
                              C:\Users\Manuel Guerrero\TD2\Workspace\lpc_board_nxp_lpcxpresso_1769\Debug\liblpc_board_nxp_lpcxpresso_1769.a(board.o) (memcpy)
c:/nxp/lpcxpresso_8.2.2_650/lpcxpresso/tools/bin/../lib/gcc/arm-none-eabi/5.4.1/../../../../arm-none-eabi/lib/armv7-m\libcr_c.a(memset.o)
                              ./src/UART.o (memset)
c:/nxp/lpcxpresso_8.2.2_650/lpcxpresso/tools/bin/../lib/gcc/arm-none-eabi/5.4.1/../../../../arm-none-eabi/lib/armv7-m\libcr_c.a(__weak__main.o)
                              ./src/cr_startup_lpc175x_6x.o (__main)
c:/nxp/lpcxpresso_8.2.2_650/lpcxpresso/tools/bin/../lib/gcc/arm-none-eabi/5.4.1/../../../../arm-none-eabi/lib/armv7-m\libcr_c.a(itoa.o)
                              ./src/RTC.o (itoa)
c:/nxp/lpcxpresso_8.2.2_650/lpcxpresso/tools/bin/../lib/gcc/arm-none-eabi/5.4.1/../../../../arm-none-eabi/lib/armv7-m\libcr_c.a(strcat.o)
                              ./src/RTC.o (strcat)
c:/nxp/lpcxpresso_8.2.2_650/lpcxpresso/tools/bin/../lib/gcc/arm-none-eabi/5.4.1/../../../../arm-none-eabi/lib/armv7-m\libcr_c.a(strlen.o)
                              ./src/UART.o (strlen)
c:/nxp/lpcxpresso_8.2.2_650/lpcxpresso/tools/bin/../lib/gcc/arm-none-eabi/5.4.1/../../../../arm-none-eabi/lib/armv7-m\libcr_c.a(strncpy.o)
                              ./src/UART.o (strncpy)
c:/nxp/lpcxpresso_8.2.2_650/lpcxpresso/tools/bin/../lib/gcc/arm-none-eabi/5.4.1/armv7-m\libcr_eabihelpers.a(division_64.o)
                              C:\Users\Manuel Guerrero\TD2\Workspace\lpc_chip_175x_6x\Debug\liblpc_chip_175x_6x.a(i2s_17xx_40xx.o) (__aeabi_uldivmod)
c:/nxp/lpcxpresso_8.2.2_650/lpcxpresso/tools/bin/../lib/gcc/arm-none-eabi/5.4.1/armv7-m\libcr_eabihelpers.a(division_idiv0.o)
                              c:/nxp/lpcxpresso_8.2.2_650/lpcxpresso/tools/bin/../lib/gcc/arm-none-eabi/5.4.1/armv7-m\libcr_eabihelpers.a(division_64.o) (__aeabi_idiv0)
c:/nxp/lpcxpresso_8.2.2_650/lpcxpresso/tools/bin/../lib/gcc/arm-none-eabi/5.4.1/armv7-m\libcr_eabihelpers.a(memcpy.o)
                              c:/nxp/lpcxpresso_8.2.2_650/lpcxpresso/tools/bin/../lib/gcc/arm-none-eabi/5.4.1/../../../../arm-none-eabi/lib/armv7-m\libcr_c.a(memcpy.o) (__aeabi_memcpy)

Allocating common symbols
Common symbol       size              file

SystemCoreClock     0x4               C:\Users\Manuel Guerrero\TD2\Workspace\lpc_chip_175x_6x\Debug\liblpc_chip_175x_6x.a(chip_17xx_40xx.o)

Discarded input sections

 .group         0x00000000        0x8 ./src/GPIO.o
 .group         0x00000000        0x8 ./src/GPIO.o
 .group         0x00000000        0x8 ./src/GPIO.o
[...]
Memory Configuration

Name             Origin             Length             Attributes
MFlash512        0x00000000         0x00080000         xr
RamLoc32         0x10000000         0x00008000         xrw
RamAHB32         0x2007c000         0x00008000         xrw
*default*        0x00000000         0xffffffff

Linker script and memory map

LOAD ./src/GPIO.o
LOAD ./src/LCD.o
LOAD ./src/LED.o
LOAD ./src/Pulsador.o
LOAD ./src/RTC.o
LOAD ./src/Teclado.o
LOAD ./src/UART.o
LOAD ./src/cr_startup_lpc175x_6x.o
LOAD ./src/crp.o
LOAD ./src/demo_lucas_board.o
LOAD ./src/sysinit.o
LOAD C:\Users\Manuel Guerrero\TD2\Workspace\lpc_board_nxp_lpcxpresso_1769\Debug\liblpc_board_nxp_lpcxpresso_1769.a
LOAD C:\Users\Manuel Guerrero\TD2\Workspace\lpc_chip_175x_6x\Debug\liblpc_chip_175x_6x.a
LOAD C:\Users\Manuel Guerrero\TD2\Workspace\lib_lucas_board\Debug\liblib_lucas_board.a
START GROUP
LOAD c:/nxp/lpcxpresso_8.2.2_650/lpcxpresso/tools/bin/../lib/gcc/arm-none-eabi/5.4.1/../../../../arm-none-eabi/lib/armv7-m\libcr_c.a
LOAD c:/nxp/lpcxpresso_8.2.2_650/lpcxpresso/tools/bin/../lib/gcc/arm-none-eabi/5.4.1/armv7-m\libcr_eabihelpers.a
END GROUP
                0x00000000                __base_MFlash512 = 0x0
                0x00000000                __base_Flash = 0x0
                0x00080000                __top_MFlash512 = 0x80000
                0x00080000                __top_Flash = 0x80000
                0x10000000                __base_RamLoc32 = 0x10000000
                0x10000000                __base_RAM = 0x10000000
                0x10008000                __top_RamLoc32 = 0x10008000
                0x10008000                __top_RAM = 0x10008000
                0x2007c000                __base_RamAHB32 = 0x2007c000
                0x2007c000                __base_RAM2 = 0x2007c000
                0x20084000                __top_RamAHB32 = 0x20084000
                0x20084000                __top_RAM2 = 0x20084000

.text           0x00000000     0x19e0
 FILL mask 0xff
                0x00000000                __vectors_start__ = ABSOLUTE (.)
 *(.isr_vector)
 .isr_vector    0x00000000       0xcc ./src/cr_startup_lpc175x_6x.o
                0x00000000                g_pfnVectors
                0x000000cc                . = ALIGN (0x4)
                0x000000cc                __section_table_start = .
                0x000000cc                __data_section_table = .
                0x000000cc        0x4 LONG 0x19e0 LOADADDR (.data)
                0x000000d0        0x4 LONG 0x10000000 ADDR (.data)
                0x000000d4        0x4 LONG 0x0 SIZEOF (.data)
                0x000000d8        0x4 LONG 0x19e0 LOADADDR (.data_RAM2)
                0x000000dc        0x4 LONG 0x2007c000 ADDR (.data_RAM2)
                0x000000e0        0x4 LONG 0x0 SIZEOF (.data_RAM2)
                0x000000e4                __data_section_table_end = .
                0x000000e4                __bss_section_table = .
                0x000000e4        0x4 LONG 0x10000000 ADDR (.bss)
                0x000000e8        0x4 LONG 0x50 SIZEOF (.bss)
                0x000000ec        0x4 LONG 0x2007c000 ADDR (.bss_RAM2)
                0x000000f0        0x4 LONG 0x0 SIZEOF (.bss_RAM2)
                0x000000f4                __bss_section_table_end = .
                0x000000f4                __section_table_end = .
 *(.after_vectors*)
 .after_vectors
                0x000000f4      0x144 ./src/cr_startup_lpc175x_6x.o
                0x000000f4                data_init
                0x00000138                bss_init
                0x00000170                ResetISR
                0x000001e8                NMI_Handler
                0x000001f0                HardFault_Handler
                0x000001f8                MemManage_Handler
                0x00000200                BusFault_Handler
                0x00000208                UsageFault_Handler
                0x00000210                SVC_Handler
                0x00000218                DebugMon_Handler
                0x00000220                PendSV_Handler
                0x00000230                EINT3_IRQHandler
                0x00000230                CANActivity_IRQHandler
                0x00000230                TIMER3_IRQHandler
                0x00000230                UART0_IRQHandler
                0x00000230                USBActivity_IRQHandler
                0x00000230                EINT2_IRQHandler
                0x00000230                IntDefaultHandler
                0x00000230                PLL0_IRQHandler
                0x00000230                I2C0_IRQHandler
                0x00000230                PLL1_IRQHandler
                0x00000230                I2C1_IRQHandler
                0x00000230                I2S_IRQHandler
                0x00000230                I2C2_IRQHandler
                0x00000230                SPI_IRQHandler
                0x00000230                RIT_IRQHandler
                0x00000230                EINT1_IRQHandler
                0x00000230                UART2_IRQHandler
                0x00000230                ADC_IRQHandler
                0x00000230                SSP1_IRQHandler
                0x00000230                USB_IRQHandler
                0x00000230                BOD_IRQHandler
                0x00000230                PWM1_IRQHandler
                0x00000230                WDT_IRQHandler
                0x00000230                SSP0_IRQHandler
                0x00000230                QEI_IRQHandler
                0x00000230                EINT0_IRQHandler
                0x00000230                ETH_IRQHandler
                0x00000230                CAN_IRQHandler
                0x00000230                DMA_IRQHandler
                0x00000230                TIMER2_IRQHandler
                0x00000230                UART3_IRQHandler
                0x00000230                MCPWM_IRQHandler
                0x000002fc                . = 0x2fc
 *fill*         0x00000238       0xc4 ff
                0x000002fc                PROVIDE (__CRP_WORD_START__, .)
 *(.crp)
 .crp           0x000002fc        0x4 ./src/crp.o
                0x000002fc                CRP_WORD
                0x00000300                PROVIDE (__CRP_WORD_END__, .)
                0x00000001                ASSERT (! ((__CRP_WORD_START__ == __CRP_WORD_END__)), Linker CRP Enabled, but no CRP_WORD provided within application)
 *(.text*)
 .text.Chip_TIMER_MatchPending
                0x00000300       0x34 ./src/LCD.o
 .text.Chip_TIMER_ClearMatch
                0x00000334       0x28 ./src/LCD.o
 .text.TIMER1_IRQHandler
                0x0000035c       0x30 ./src/LCD.o
                0x0000035c                TIMER1_IRQHandler
 .text.Chip_RTC_GetTime
                0x0000038c       0x20 ./src/RTC.o
 .text.Chip_RTC_ClearIntPending
                0x000003ac       0x1c ./src/RTC.o
 .text.Chip_RTC_GetIntPending
                0x000003c8       0x28 ./src/RTC.o
 .text.RTC_IRQHandler
                0x000003f0       0x70 ./src/RTC.o
                0x000003f0                RTC_IRQHandler
 .text.Chip_GPIO_SetPinState
                0x00000460       0x68 ./src/Teclado.o
 .text.Chip_GPIO_WritePortBit
                0x000004c8       0x2c ./src/Teclado.o
 .text.Chip_GPIO_GetPinState
                0x000004f4       0x38 ./src/Teclado.o
 .text.Chip_TIMER_MatchPending
                0x0000052c       0x34 ./src/Teclado.o
 .text.Chip_TIMER_ClearMatch
                0x00000560       0x28 ./src/Teclado.o
 .text.Fila1_on
                0x00000588       0x18 ./src/Teclado.o
 .text.Fila1_off
                0x000005a0       0x18 ./src/Teclado.o
 .text.Fila2_on
                0x000005b8       0x18 ./src/Teclado.o
 .text.Fila2_off
                0x000005d0       0x18 ./src/Teclado.o
 .text.Fila3_on
                0x000005e8       0x18 ./src/Teclado.o
 .text.Fila3_off
                0x00000600       0x18 ./src/Teclado.o
 .text.Fila4_on
                0x00000618       0x18 ./src/Teclado.o
 .text.Fila4_off
                0x00000630       0x18 ./src/Teclado.o
 .text.Columna1
                0x00000648       0x28 ./src/Teclado.o
 .text.Columna2
                0x00000670       0x28 ./src/Teclado.o
 .text.Columna3
                0x00000698       0x28 ./src/Teclado.o
 .text.Columna4
                0x000006c0       0x28 ./src/Teclado.o
 .text.Teclado_Fila
                0x000006e8       0x5c ./src/Teclado.o
 .text.Teclado_Columna
                0x00000744       0x2c ./src/Teclado.o
 .text.TIMER0_IRQHandler
                0x00000770      0x108 ./src/Teclado.o
                0x00000770                TIMER0_IRQHandler
 .text.UART1_IRQHandler
                0x00000878       0x20 ./src/UART.o
                0x00000878                UART1_IRQHandler
 .text.NVIC_SetPriority
                0x00000898       0x54 ./src/demo_lucas_board.o
 .text.SysTick_Config
                0x000008ec       0x44 ./src/demo_lucas_board.o
 .text.SysTick_Handler
                0x00000930        0xc ./src/demo_lucas_board.o
                0x00000930                SysTick_Handler
 .text.CONTROL_BoardInit
                0x0000093c       0x2c ./src/demo_lucas_board.o
                0x0000093c                CONTROL_BoardInit
 .text.main     0x00000968        0xc ./src/demo_lucas_board.o
                0x00000968                main
 .text.SystemInit
                0x00000974       0x24 ./src/sysinit.o
                0x00000974                SystemInit
 .text.Chip_IOCON_Init
                0x00000998       0x18 C:\Users\Manuel Guerrero\TD2\Workspace\lpc_board_nxp_lpcxpresso_1769\Debug\liblpc_board_nxp_lpcxpresso_1769.a(board.o)
 .text.Chip_GPIO_Init
                0x000009b0       0x18 C:\Users\Manuel Guerrero\TD2\Workspace\lpc_board_nxp_lpcxpresso_1769\Debug\liblpc_board_nxp_lpcxpresso_1769.a(board.o)
 .text.Chip_GPIO_SetPinState
                0x000009c8       0x68 C:\Users\Manuel Guerrero\TD2\Workspace\lpc_board_nxp_lpcxpresso_1769\Debug\liblpc_board_nxp_lpcxpresso_1769.a(board.o)
 .text.Chip_GPIO_WritePortBit
                0x00000a30       0x2c C:\Users\Manuel Guerrero\TD2\Workspace\lpc_board_nxp_lpcxpresso_1769\Debug\liblpc_board_nxp_lpcxpresso_1769.a(board.o)
 .text.Chip_GPIO_GetPinState
                0x00000a5c       0x38 C:\Users\Manuel Guerrero\TD2\Workspace\lpc_board_nxp_lpcxpresso_1769\Debug\liblpc_board_nxp_lpcxpresso_1769.a(board.o)
 .text.Chip_GPIO_ReadPortBit
                0x00000a94       0x28 C:\Users\Manuel Guerrero\TD2\Workspace\lpc_board_nxp_lpcxpresso_1769\Debug\liblpc_board_nxp_lpcxpresso_1769.a(board.o)
 .text.Chip_GPIO_SetPinDIROutput
                0x00000abc       0x38 C:\Users\Manuel Guerrero\TD2\Workspace\lpc_board_nxp_lpcxpresso_1769\Debug\liblpc_board_nxp_lpcxpresso_1769.a(board.o)
 .text.Chip_GPIO_SetPinDIRInput
                0x00000af4       0x3c C:\Users\Manuel Guerrero\TD2\Workspace\lpc_board_nxp_lpcxpresso_1769\Debug\liblpc_board_nxp_lpcxpresso_1769.a(board.o)
 .text.Chip_GPIO_SetPinDIR
                0x00000b30       0x44 C:\Users\Manuel Guerrero\TD2\Workspace\lpc_board_nxp_lpcxpresso_1769\Debug\liblpc_board_nxp_lpcxpresso_1769.a(board.o)
 .text.Chip_GPIO_WriteDirBit
                0x00000b74       0x30 C:\Users\Manuel Guerrero\TD2\Workspace\lpc_board_nxp_lpcxpresso_1769\Debug\liblpc_board_nxp_lpcxpresso_1769.a(board.o)
 .text.Chip_UART_ConfigData
                0x00000ba4       0x1c C:\Users\Manuel Guerrero\TD2\Workspace\lpc_board_nxp_lpcxpresso_1769\Debug\liblpc_board_nxp_lpcxpresso_1769.a(board.o)
 .text.Board_LED_Init
                0x00000bc0       0x18 C:\Users\Manuel Guerrero\TD2\Workspace\lpc_board_nxp_lpcxpresso_1769\Debug\liblpc_board_nxp_lpcxpresso_1769.a(board.o)
 .text.Board_UART_Init
                0x00000bd8       0x14 C:\Users\Manuel Guerrero\TD2\Workspace\lpc_board_nxp_lpcxpresso_1769\Debug\liblpc_board_nxp_lpcxpresso_1769.a(board.o)
                0x00000bd8                Board_UART_Init
 .text.Board_Debug_Init
                0x00000bec       0x30 C:\Users\Manuel Guerrero\TD2\Workspace\lpc_board_nxp_lpcxpresso_1769\Debug\liblpc_board_nxp_lpcxpresso_1769.a(board.o)
                0x00000bec                Board_Debug_Init
 .text.Board_LED_Set
                0x00000c1c       0x30 C:\Users\Manuel Guerrero\TD2\Workspace\lpc_board_nxp_lpcxpresso_1769\Debug\liblpc_board_nxp_lpcxpresso_1769.a(board.o)
                0x00000c1c                Board_LED_Set
 .text.Board_LED_Test
                0x00000c4c       0x30 C:\Users\Manuel Guerrero\TD2\Workspace\lpc_board_nxp_lpcxpresso_1769\Debug\liblpc_board_nxp_lpcxpresso_1769.a(board.o)
                0x00000c4c                Board_LED_Test
 .text.Board_LED_Toggle
                0x00000c7c       0x44 C:\Users\Manuel Guerrero\TD2\Workspace\lpc_board_nxp_lpcxpresso_1769\Debug\liblpc_board_nxp_lpcxpresso_1769.a(board.o)
                0x00000c7c                Board_LED_Toggle
 .text.Board_Init
                0x00000cc0       0x24 C:\Users\Manuel Guerrero\TD2\Workspace\lpc_board_nxp_lpcxpresso_1769\Debug\liblpc_board_nxp_lpcxpresso_1769.a(board.o)
                0x00000cc0                Board_Init
 .text.Chip_SYSCTL_SetFLASHAccess
                0x00000ce4       0x30 C:\Users\Manuel Guerrero\TD2\Workspace\lpc_board_nxp_lpcxpresso_1769\Debug\liblpc_board_nxp_lpcxpresso_1769.a(board_sysinit.o)
 .text.Board_SetupMuxing
                0x00000d14       0x1c C:\Users\Manuel Guerrero\TD2\Workspace\lpc_board_nxp_lpcxpresso_1769\Debug\liblpc_board_nxp_lpcxpresso_1769.a(board_sysinit.o)
                0x00000d14                Board_SetupMuxing
 .text.Board_SetupClocking
                0x00000d30       0x14 C:\Users\Manuel Guerrero\TD2\Workspace\lpc_board_nxp_lpcxpresso_1769\Debug\liblpc_board_nxp_lpcxpresso_1769.a(board_sysinit.o)
                0x00000d30                Board_SetupClocking
 .text.Board_SystemInit
                0x00000d44       0x10 C:\Users\Manuel Guerrero\TD2\Workspace\lpc_board_nxp_lpcxpresso_1769\Debug\liblpc_board_nxp_lpcxpresso_1769.a(board_sysinit.o)
                0x00000d44                Board_SystemInit
 .text.SystemCoreClockUpdate
                0x00000d54       0x18 C:\Users\Manuel Guerrero\TD2\Workspace\lpc_chip_175x_6x\Debug\liblpc_chip_175x_6x.a(chip_17xx_40xx.o)
                0x00000d54                SystemCoreClockUpdate
 .text.Chip_Clock_IsMainPLLEnabled
                0x00000d6c       0x24 C:\Users\Manuel Guerrero\TD2\Workspace\lpc_chip_175x_6x\Debug\liblpc_chip_175x_6x.a(clock_17xx_40xx.o)
 .text.Chip_Clock_IsMainPLLConnected
                0x00000d90       0x24 C:\Users\Manuel Guerrero\TD2\Workspace\lpc_chip_175x_6x\Debug\liblpc_chip_175x_6x.a(clock_17xx_40xx.o)
 .text.Chip_Clock_FeedPLL
                0x00000db4       0x34 C:\Users\Manuel Guerrero\TD2\Workspace\lpc_chip_175x_6x\Debug\liblpc_chip_175x_6x.a(clock_17xx_40xx.o)
 .text.Chip_Clock_GetMainPLLSource
                0x00000de8       0x20 C:\Users\Manuel Guerrero\TD2\Workspace\lpc_chip_175x_6x\Debug\liblpc_chip_175x_6x.a(clock_17xx_40xx.o)
 .text.Chip_Clock_GetMainOscRate
                0x00000e08       0x14 C:\Users\Manuel Guerrero\TD2\Workspace\lpc_chip_175x_6x\Debug\liblpc_chip_175x_6x.a(clock_17xx_40xx.o)
 .text.Chip_Clock_GetIntOscRate
                0x00000e1c       0x14 C:\Users\Manuel Guerrero\TD2\Workspace\lpc_chip_175x_6x\Debug\liblpc_chip_175x_6x.a(clock_17xx_40xx.o)
 .text.Chip_Clock_GetRTCOscRate
                0x00000e30       0x14 C:\Users\Manuel Guerrero\TD2\Workspace\lpc_chip_175x_6x\Debug\liblpc_chip_175x_6x.a(clock_17xx_40xx.o)
 .text.Chip_Clock_GetMainPLLInClockRate
                0x00000e44       0x10 C:\Users\Manuel Guerrero\TD2\Workspace\lpc_chip_175x_6x\Debug\liblpc_chip_175x_6x.a(clock_17xx_40xx.o)
 .text.Chip_Clock_EnablePLL
                0x00000e54       0x44 C:\Users\Manuel Guerrero\TD2\Workspace\lpc_chip_175x_6x\Debug\liblpc_chip_175x_6x.a(clock_17xx_40xx.o)
                0x00000e54                Chip_Clock_EnablePLL
 .text.Chip_Clock_DisablePLL
                0x00000e98       0x48 C:\Users\Manuel Guerrero\TD2\Workspace\lpc_chip_175x_6x\Debug\liblpc_chip_175x_6x.a(clock_17xx_40xx.o)
                0x00000e98                Chip_Clock_DisablePLL
 .text.Chip_Clock_SetupPLL
                0x00000ee0       0x5c C:\Users\Manuel Guerrero\TD2\Workspace\lpc_chip_175x_6x\Debug\liblpc_chip_175x_6x.a(clock_17xx_40xx.o)
                0x00000ee0                Chip_Clock_SetupPLL
 .text.Chip_Clock_EnablePeriphClock
                0x00000f3c       0x34 C:\Users\Manuel Guerrero\TD2\Workspace\lpc_chip_175x_6x\Debug\liblpc_chip_175x_6x.a(clock_17xx_40xx.o)
                0x00000f3c                Chip_Clock_EnablePeriphClock
 .text.Chip_Clock_GetCPUClockSource
                0x00000f70       0x24 C:\Users\Manuel Guerrero\TD2\Workspace\lpc_chip_175x_6x\Debug\liblpc_chip_175x_6x.a(clock_17xx_40xx.o)
                0x00000f70                Chip_Clock_GetCPUClockSource
 .text.Chip_Clock_SetCPUClockDiv
                0x00000f94       0x20 C:\Users\Manuel Guerrero\TD2\Workspace\lpc_chip_175x_6x\Debug\liblpc_chip_175x_6x.a(clock_17xx_40xx.o)
                0x00000f94                Chip_Clock_SetCPUClockDiv
 .text.Chip_Clock_GetCPUClockDiv
                0x00000fb4       0x1c C:\Users\Manuel Guerrero\TD2\Workspace\lpc_chip_175x_6x\Debug\liblpc_chip_175x_6x.a(clock_17xx_40xx.o)
                0x00000fb4                Chip_Clock_GetCPUClockDiv
 .text.Chip_Clock_GetPCLKDiv
                0x00000fd0       0x8c C:\Users\Manuel Guerrero\TD2\Workspace\lpc_chip_175x_6x\Debug\liblpc_chip_175x_6x.a(clock_17xx_40xx.o)
                0x00000fd0                Chip_Clock_GetPCLKDiv
 .text.Chip_Clock_GetSYSCLKRate
                0x0000105c       0x34 C:\Users\Manuel Guerrero\TD2\Workspace\lpc_chip_175x_6x\Debug\liblpc_chip_175x_6x.a(clock_17xx_40xx.o)
                0x0000105c                Chip_Clock_GetSYSCLKRate
 .text.Chip_Clock_GetMainPLLOutClockRate
                0x00001090       0x54 C:\Users\Manuel Guerrero\TD2\Workspace\lpc_chip_175x_6x\Debug\liblpc_chip_175x_6x.a(clock_17xx_40xx.o)
                0x00001090                Chip_Clock_GetMainPLLOutClockRate
 .text.Chip_Clock_GetMainClockRate
                0x000010e4       0x28 C:\Users\Manuel Guerrero\TD2\Workspace\lpc_chip_175x_6x\Debug\liblpc_chip_175x_6x.a(clock_17xx_40xx.o)
                0x000010e4                Chip_Clock_GetMainClockRate
 .text.Chip_Clock_GetSystemClockRate
                0x0000110c       0x18 C:\Users\Manuel Guerrero\TD2\Workspace\lpc_chip_175x_6x\Debug\liblpc_chip_175x_6x.a(clock_17xx_40xx.o)
                0x0000110c                Chip_Clock_GetSystemClockRate
 .text.Chip_Clock_GetPeripheralClockRate
                0x00001124       0x28 C:\Users\Manuel Guerrero\TD2\Workspace\lpc_chip_175x_6x\Debug\liblpc_chip_175x_6x.a(clock_17xx_40xx.o)
                0x00001124                Chip_Clock_GetPeripheralClockRate
 .text.Chip_IOCON_PinMuxSet
                0x0000114c       0x38 C:\Users\Manuel Guerrero\TD2\Workspace\lpc_chip_175x_6x\Debug\liblpc_chip_175x_6x.a(iocon_17xx_40xx.o)
                0x0000114c                Chip_IOCON_PinMuxSet
 .text.Chip_IOCON_PinMux
                0x00001184       0x94 C:\Users\Manuel Guerrero\TD2\Workspace\lpc_chip_175x_6x\Debug\liblpc_chip_175x_6x.a(iocon_17xx_40xx.o)
                0x00001184                Chip_IOCON_PinMux
 .text.Chip_IOCON_SetPinMuxing
                0x00001218       0x64 C:\Users\Manuel Guerrero\TD2\Workspace\lpc_chip_175x_6x\Debug\liblpc_chip_175x_6x.a(iocon_17xx_40xx.o)
                0x00001218                Chip_IOCON_SetPinMuxing
 .text.RingBuffer_GetCount
                0x0000127c       0x20 C:\Users\Manuel Guerrero\TD2\Workspace\lpc_chip_175x_6x\Debug\liblpc_chip_175x_6x.a(ring_buffer.o)
 .text.RingBuffer_IsFull
                0x0000129c       0x28 C:\Users\Manuel Guerrero\TD2\Workspace\lpc_chip_175x_6x\Debug\liblpc_chip_175x_6x.a(ring_buffer.o)
 .text.RingBuffer_IsEmpty
                0x000012c4       0x28 C:\Users\Manuel Guerrero\TD2\Workspace\lpc_chip_175x_6x\Debug\liblpc_chip_175x_6x.a(ring_buffer.o)
 .text.RingBuffer_Insert
                0x000012ec       0x5c C:\Users\Manuel Guerrero\TD2\Workspace\lpc_chip_175x_6x\Debug\liblpc_chip_175x_6x.a(ring_buffer.o)
                0x000012ec                RingBuffer_Insert
 .text.RingBuffer_Pop
                0x00001348       0x5c C:\Users\Manuel Guerrero\TD2\Workspace\lpc_chip_175x_6x\Debug\liblpc_chip_175x_6x.a(ring_buffer.o)
                0x00001348                RingBuffer_Pop
 .text.Chip_Clock_IsMainPLLEnabled
                0x000013a4       0x24 C:\Users\Manuel Guerrero\TD2\Workspace\lpc_chip_175x_6x\Debug\liblpc_chip_175x_6x.a(sysinit_17xx_40xx.o)
 .text.Chip_Clock_IsMainPLLLocked
                0x000013c8       0x24 C:\Users\Manuel Guerrero\TD2\Workspace\lpc_chip_175x_6x\Debug\liblpc_chip_175x_6x.a(sysinit_17xx_40xx.o)
 .text.Chip_Clock_IsMainPLLConnected
                0x000013ec       0x24 C:\Users\Manuel Guerrero\TD2\Workspace\lpc_chip_175x_6x\Debug\liblpc_chip_175x_6x.a(sysinit_17xx_40xx.o)
 .text.Chip_Clock_EnableCrystal
                0x00001410       0x20 C:\Users\Manuel Guerrero\TD2\Workspace\lpc_chip_175x_6x\Debug\liblpc_chip_175x_6x.a(sysinit_17xx_40xx.o)
 .text.Chip_Clock_IsCrystalEnabled
                0x00001430       0x24 C:\Users\Manuel Guerrero\TD2\Workspace\lpc_chip_175x_6x\Debug\liblpc_chip_175x_6x.a(sysinit_17xx_40xx.o)
 .text.Chip_Clock_SetMainPLLSource
                0x00001454       0x20 C:\Users\Manuel Guerrero\TD2\Workspace\lpc_chip_175x_6x\Debug\liblpc_chip_175x_6x.a(sysinit_17xx_40xx.o)
 .text.Chip_SetupXtalClocking
                0x00001474       0x90 C:\Users\Manuel Guerrero\TD2\Workspace\lpc_chip_175x_6x\Debug\liblpc_chip_175x_6x.a(sysinit_17xx_40xx.o)
                0x00001474                Chip_SetupXtalClocking
 .text.RingBuffer_IsEmpty
                0x00001504       0x28 C:\Users\Manuel Guerrero\TD2\Workspace\lpc_chip_175x_6x\Debug\liblpc_chip_175x_6x.a(uart_17xx_40xx.o)
 .text.Chip_UART_SendByte
                0x0000152c       0x1c C:\Users\Manuel Guerrero\TD2\Workspace\lpc_chip_175x_6x\Debug\liblpc_chip_175x_6x.a(uart_17xx_40xx.o)
 .text.Chip_UART_ReadByte
                0x00001548       0x18 C:\Users\Manuel Guerrero\TD2\Workspace\lpc_chip_175x_6x\Debug\liblpc_chip_175x_6x.a(uart_17xx_40xx.o)
 .text.Chip_UART_IntDisable
                0x00001560       0x24 C:\Users\Manuel Guerrero\TD2\Workspace\lpc_chip_175x_6x\Debug\liblpc_chip_175x_6x.a(uart_17xx_40xx.o)
 .text.Chip_UART_ReadIntIDReg
                0x00001584       0x18 C:\Users\Manuel Guerrero\TD2\Workspace\lpc_chip_175x_6x\Debug\liblpc_chip_175x_6x.a(uart_17xx_40xx.o)
 .text.Chip_UART_SetupFIFOS
                0x0000159c       0x1c C:\Users\Manuel Guerrero\TD2\Workspace\lpc_chip_175x_6x\Debug\liblpc_chip_175x_6x.a(uart_17xx_40xx.o)
 .text.Chip_UART_ConfigData
                0x000015b8       0x1c C:\Users\Manuel Guerrero\TD2\Workspace\lpc_chip_175x_6x\Debug\liblpc_chip_175x_6x.a(uart_17xx_40xx.o)
 .text.Chip_UART_EnableDivisorAccess
                0x000015d4       0x20 C:\Users\Manuel Guerrero\TD2\Workspace\lpc_chip_175x_6x\Debug\liblpc_chip_175x_6x.a(uart_17xx_40xx.o)
 .text.Chip_UART_DisableDivisorAccess
                0x000015f4       0x20 C:\Users\Manuel Guerrero\TD2\Workspace\lpc_chip_175x_6x\Debug\liblpc_chip_175x_6x.a(uart_17xx_40xx.o)
 .text.Chip_UART_SetDivisorLatches
                0x00001614       0x28 C:\Users\Manuel Guerrero\TD2\Workspace\lpc_chip_175x_6x\Debug\liblpc_chip_175x_6x.a(uart_17xx_40xx.o)
 .text.Chip_UART_ReadLineStatus
                0x0000163c       0x18 C:\Users\Manuel Guerrero\TD2\Workspace\lpc_chip_175x_6x\Debug\liblpc_chip_175x_6x.a(uart_17xx_40xx.o)
 .text.Chip_UART_SetAutoBaudReg
                0x00001654       0x20 C:\Users\Manuel Guerrero\TD2\Workspace\lpc_chip_175x_6x\Debug\liblpc_chip_175x_6x.a(uart_17xx_40xx.o)
 .text.Chip_UART_GetClockIndex
                0x00001674       0x50 C:\Users\Manuel Guerrero\TD2\Workspace\lpc_chip_175x_6x\Debug\liblpc_chip_175x_6x.a(uart_17xx_40xx.o)
 .text.Chip_UART_ABIntHandler
                0x000016c4       0x6c C:\Users\Manuel Guerrero\TD2\Workspace\lpc_chip_175x_6x\Debug\liblpc_chip_175x_6x.a(uart_17xx_40xx.o)
 .text.Chip_UART_GetClkIndex
                0x00001730       0x50 C:\Users\Manuel Guerrero\TD2\Workspace\lpc_chip_175x_6x\Debug\liblpc_chip_175x_6x.a(uart_17xx_40xx.o)
 .text.Chip_UART_Init
                0x00001780       0x78 C:\Users\Manuel Guerrero\TD2\Workspace\lpc_chip_175x_6x\Debug\liblpc_chip_175x_6x.a(uart_17xx_40xx.o)
                0x00001780                Chip_UART_Init
 .text.Chip_UART_TXEnable
                0x000017f8       0x18 C:\Users\Manuel Guerrero\TD2\Workspace\lpc_chip_175x_6x\Debug\liblpc_chip_175x_6x.a(uart_17xx_40xx.o)
                0x000017f8                Chip_UART_TXEnable
 .text.Chip_UART_TXDisable
                0x00001810       0x18 C:\Users\Manuel Guerrero\TD2\Workspace\lpc_chip_175x_6x\Debug\liblpc_chip_175x_6x.a(uart_17xx_40xx.o)
                0x00001810                Chip_UART_TXDisable
 .text.Chip_UART_SetBaud
                0x00001828       0x64 C:\Users\Manuel Guerrero\TD2\Workspace\lpc_chip_175x_6x\Debug\liblpc_chip_175x_6x.a(uart_17xx_40xx.o)
                0x00001828                Chip_UART_SetBaud
 .text.Chip_UART_RXIntHandlerRB
                0x0000188c       0x3c C:\Users\Manuel Guerrero\TD2\Workspace\lpc_chip_175x_6x\Debug\liblpc_chip_175x_6x.a(uart_17xx_40xx.o)
                0x0000188c                Chip_UART_RXIntHandlerRB
 .text.Chip_UART_TXIntHandlerRB
                0x000018c8       0x40 C:\Users\Manuel Guerrero\TD2\Workspace\lpc_chip_175x_6x\Debug\liblpc_chip_175x_6x.a(uart_17xx_40xx.o)
                0x000018c8                Chip_UART_TXIntHandlerRB
 .text.Chip_UART_IRQRBHandler
                0x00001908       0x4c C:\Users\Manuel Guerrero\TD2\Workspace\lpc_chip_175x_6x\Debug\liblpc_chip_175x_6x.a(uart_17xx_40xx.o)
                0x00001908                Chip_UART_IRQRBHandler
 .text.memcpy   0x00001954        0x4 c:/nxp/lpcxpresso_8.2.2_650/lpcxpresso/tools/bin/../lib/gcc/arm-none-eabi/5.4.1/../../../../arm-none-eabi/lib/armv7-m\libcr_c.a(memcpy.o)
                0x00001954                memcpy
 .text.__weak_main
                0x00001958        0x4 c:/nxp/lpcxpresso_8.2.2_650/lpcxpresso/tools/bin/../lib/gcc/arm-none-eabi/5.4.1/../../../../arm-none-eabi/lib/armv7-m\libcr_c.a(__weak__main.o)
                0x00001958                __weak_main
                0x00001958                __main
 .text.__aeabi_memcpy
                0x0000195c       0x34 c:/nxp/lpcxpresso_8.2.2_650/lpcxpresso/tools/bin/../lib/gcc/arm-none-eabi/5.4.1/armv7-m\libcr_eabihelpers.a(memcpy.o)
                0x0000195c                __aeabi_memcpy
                0x00001966                __aeabi_memcpy8
                0x00001966                __aeabi_memcpy4
 *(.rodata .rodata.* .constdata .constdata.*)
 .rodata.OscRateIn
                0x00001990        0x4 C:\Users\Manuel Guerrero\TD2\Workspace\lpc_board_nxp_lpcxpresso_1769\Debug\liblpc_board_nxp_lpcxpresso_1769.a(board.o)
                0x00001990                OscRateIn
 .rodata.RTCOscRateIn
                0x00001994        0x4 C:\Users\Manuel Guerrero\TD2\Workspace\lpc_board_nxp_lpcxpresso_1769\Debug\liblpc_board_nxp_lpcxpresso_1769.a(board.o)
                0x00001994                RTCOscRateIn
 .rodata.pinmuxing
                0x00001998       0x48 C:\Users\Manuel Guerrero\TD2\Workspace\lpc_board_nxp_lpcxpresso_1769\Debug\liblpc_board_nxp_lpcxpresso_1769.a(board_sysinit.o)
                0x000019e0                . = ALIGN (0x4)

.glue_7         0x000019e0        0x0
 .glue_7        0x000019e0        0x0 linker stubs

.glue_7t        0x000019e0        0x0
 .glue_7t       0x000019e0        0x0 linker stubs

.vfp11_veneer   0x000019e0        0x0
 .vfp11_veneer  0x000019e0        0x0 linker stubs

.v4_bx          0x000019e0        0x0
 .v4_bx         0x000019e0        0x0 linker stubs

.iplt           0x000019e0        0x0
 .iplt          0x000019e0        0x0 ./src/GPIO.o

.rel.dyn        0x000019e0        0x0
 .rel.iplt      0x000019e0        0x0 ./src/GPIO.o

.ARM.extab
 *(.ARM.extab* .gnu.linkonce.armextab.*)
                0x000019e0                __exidx_start = .

.ARM.exidx
 *(.ARM.exidx* .gnu.linkonce.armexidx.*)
                0x000019e0                __exidx_end = .
                0x000019e0                _etext = .

.data_RAM2      0x2007c000        0x0 load address 0x000019e0
 FILL mask 0xff
                [!provide]                PROVIDE (__start_data_RAM2, .)
 *(.ramfunc.$RAM2)
 *(.ramfunc.$RamAHB32)
 *(.data.$RAM2*)
 *(.data.$RamAHB32*)
                0x2007c000                . = ALIGN (0x4)
                [!provide]                PROVIDE (__end_data_RAM2, .)

.uninit_RESERVED
                0x10000000        0x0
 *(.bss.$RESERVED*)
                0x10000000                . = ALIGN (0x4)
                0x10000000                _end_uninit_RESERVED = .

.data           0x10000000        0x0 load address 0x000019e0
 FILL mask 0xff
                0x10000000                _data = .
 *(vtable)
 *(.ramfunc*)
 *(.data*)
                0x10000000                . = ALIGN (0x4)
                0x10000000                _edata = .

.igot.plt       0x10000000        0x0 load address 0x000019e0
 .igot.plt      0x10000000        0x0 ./src/GPIO.o

.bss_RAM2       0x2007c000        0x0
                [!provide]                PROVIDE (__start_bss_RAM2, .)
 *(.bss.$RAM2*)
 *(.bss.$RamAHB32*)
                0x2007c000                . = ALIGN ((. != 0x0)?0x4:0x1)
                [!provide]                PROVIDE (__end_bss_RAM2, .)

.bss            0x10000000       0x50
                0x10000000                _bss = .
 *(.bss*)
 .bss.usTicks   0x10000000        0x4 ./src/LCD.o
                0x10000000                usTicks
 .bss.fIntervalReached
                0x10000004        0x1 ./src/RTC.o
 .bss.fAlarmTimeMatched
                0x10000005        0x1 ./src/RTC.o
 .bss.On0       0x10000006        0x1 ./src/RTC.o
 *fill*         0x10000007        0x1 
 .bss.Teclas    0x10000008        0x4 ./src/Teclado.o
                0x10000008                Teclas
 .bss.TeclasAnterior
                0x1000000c        0x4 ./src/Teclado.o
                0x1000000c                TeclasAnterior
 .bss.TeclaPresionada
                0x10000010        0x4 ./src/Teclado.o
                0x10000010                TeclaPresionada
 .bss.TiempoPresionado
                0x10000014        0x4 ./src/Teclado.o
                0x10000014                TiempoPresionado
 .bss.buzz      0x10000018        0x4 ./src/Teclado.o
                0x10000018                buzz
 .bss.Presionado
                0x1000001c        0x1 ./src/Teclado.o
                0x1000001c                Presionado
 .bss.PresionLarga
                0x1000001d        0x1 ./src/Teclado.o
                0x1000001d                PresionLarga
 *fill*         0x1000001e        0x2 
 .bss.txring    0x10000020       0x14 ./src/UART.o
                0x10000020                txring
 .bss.rxring    0x10000034       0x14 ./src/UART.o
                0x10000034                rxring
 .bss.ABsyncSts
                0x10000048        0x1 C:\Users\Manuel Guerrero\TD2\Workspace\lpc_chip_175x_6x\Debug\liblpc_chip_175x_6x.a(uart_17xx_40xx.o)
 *(COMMON)
 *fill*         0x10000049        0x3 
 COMMON         0x1000004c        0x4 C:\Users\Manuel Guerrero\TD2\Workspace\lpc_chip_175x_6x\Debug\liblpc_chip_175x_6x.a(chip_17xx_40xx.o)
                0x1000004c                SystemCoreClock
                0x10000050                . = ALIGN (0x4)
                0x10000050                _ebss = .
                [!provide]                PROVIDE (end, .)

.noinit_RAM2    0x2007c000        0x0
 *(.noinit.$RAM2*)
 *(.noinit.$RamAHB32*)
                0x2007c000                . = ALIGN (0x4)

.noinit         0x10000050        0x0
                0x10000050                _noinit = .
 *(.noinit*)
                0x10000050                . = ALIGN (0x4)
                0x10000050                _end_noinit = .
                [!provide]                PROVIDE (_pvHeapStart, DEFINED (__user_heap_base)?__user_heap_base:.)
                0x10008000                PROVIDE (_vStackTop, DEFINED (__user_stack_top)?__user_stack_top:(__top_RamLoc32 - 0x0))
                0xefff74b2                PROVIDE (__valid_user_code_checksum, (0x0 - ((((((_vStackTop + (ResetISR + 0x1)) + (NMI_Handler + 0x1)) + (HardFault_Handler + 0x1)) + (DEFINED (MemManage_Handler)?MemManage_Handler:0x0 + 0x1)) + (DEFINED (BusFault_Handler)?BusFault_Handler:0x0 + 0x1)) + (DEFINED (UsageFault_Handler)?UsageFault_Handler:0x0 + 0x1))))
OUTPUT(demo_lucas_board.axf elf32-littlearm)

.debug_info     0x00000000     0x76db
 .debug_info    0x00000000      0xcf1 ./src/LCD.o
 .debug_info    0x00000cf1      0x766 ./src/RTC.o
 .debug_info    0x00001457      0xb02 ./src/Teclado.o
 .debug_info    0x00001f59      0xa42 ./src/UART.o
 .debug_info    0x0000299b      0x253 ./src/cr_startup_lpc175x_6x.o
 .debug_info    0x00002bee       0x3f ./src/crp.o
 .debug_info    0x00002c2d      0xd2e ./src/demo_lucas_board.o
 .debug_info    0x0000395b      0x110 ./src/sysinit.o
 .debug_info    0x00003a6b      0xe72 C:\Users\Manuel Guerrero\TD2\Workspace\lpc_board_nxp_lpcxpresso_1769\Debug\liblpc_board_nxp_lpcxpresso_1769.a(board.o)
 .debug_info    0x000048dd      0x591 C:\Users\Manuel Guerrero\TD2\Workspace\lpc_board_nxp_lpcxpresso_1769\Debug\liblpc_board_nxp_lpcxpresso_1769.a(board_sysinit.o)
 .debug_info    0x00004e6e      0x435 C:\Users\Manuel Guerrero\TD2\Workspace\lpc_chip_175x_6x\Debug\liblpc_chip_175x_6x.a(chip_17xx_40xx.o)
 .debug_info    0x000052a3      0xb62 C:\Users\Manuel Guerrero\TD2\Workspace\lpc_chip_175x_6x\Debug\liblpc_chip_175x_6x.a(clock_17xx_40xx.o)
 .debug_info    0x00005e05      0x2e9 C:\Users\Manuel Guerrero\TD2\Workspace\lpc_chip_175x_6x\Debug\liblpc_chip_175x_6x.a(iocon_17xx_40xx.o)
 .debug_info    0x000060ee      0x344 C:\Users\Manuel Guerrero\TD2\Workspace\lpc_chip_175x_6x\Debug\liblpc_chip_175x_6x.a(ring_buffer.o)
 .debug_info    0x00006432      0x439 C:\Users\Manuel Guerrero\TD2\Workspace\lpc_chip_175x_6x\Debug\liblpc_chip_175x_6x.a(sysinit_17xx_40xx.o)
 .debug_info    0x0000686b      0xe70 C:\Users\Manuel Guerrero\TD2\Workspace\lpc_chip_175x_6x\Debug\liblpc_chip_175x_6x.a(uart_17xx_40xx.o)

.debug_abbrev   0x00000000     0x1d39
 .debug_abbrev  0x00000000      0x286 ./src/LCD.o
 .debug_abbrev  0x00000286      0x232 ./src/RTC.o
 .debug_abbrev  0x000004b8      0x28e ./src/Teclado.o
 .debug_abbrev  0x00000746      0x255 ./src/UART.o
 .debug_abbrev  0x0000099b       0xf5 ./src/cr_startup_lpc175x_6x.o
 .debug_abbrev  0x00000a90       0x36 ./src/crp.o
 .debug_abbrev  0x00000ac6      0x280 ./src/demo_lucas_board.o
 .debug_abbrev  0x00000d46       0xa3 ./src/sysinit.o
 .debug_abbrev  0x00000de9      0x32d C:\Users\Manuel Guerrero\TD2\Workspace\lpc_board_nxp_lpcxpresso_1769\Debug\liblpc_board_nxp_lpcxpresso_1769.a(board.o)
 .debug_abbrev  0x00001116      0x15c C:\Users\Manuel Guerrero\TD2\Workspace\lpc_board_nxp_lpcxpresso_1769\Debug\liblpc_board_nxp_lpcxpresso_1769.a(board_sysinit.o)
 .debug_abbrev  0x00001272      0x12b C:\Users\Manuel Guerrero\TD2\Workspace\lpc_chip_175x_6x\Debug\liblpc_chip_175x_6x.a(chip_17xx_40xx.o)
 .debug_abbrev  0x0000139d      0x2ec C:\Users\Manuel Guerrero\TD2\Workspace\lpc_chip_175x_6x\Debug\liblpc_chip_175x_6x.a(clock_17xx_40xx.o)
 .debug_abbrev  0x00001689      0x126 C:\Users\Manuel Guerrero\TD2\Workspace\lpc_chip_175x_6x\Debug\liblpc_chip_175x_6x.a(iocon_17xx_40xx.o)
 .debug_abbrev  0x000017af      0x12d C:\Users\Manuel Guerrero\TD2\Workspace\lpc_chip_175x_6x\Debug\liblpc_chip_175x_6x.a(ring_buffer.o)
 .debug_abbrev  0x000018dc      0x175 C:\Users\Manuel Guerrero\TD2\Workspace\lpc_chip_175x_6x\Debug\liblpc_chip_175x_6x.a(sysinit_17xx_40xx.o)
 .debug_abbrev  0x00001a51      0x2e8 C:\Users\Manuel Guerrero\TD2\Workspace\lpc_chip_175x_6x\Debug\liblpc_chip_175x_6x.a(uart_17xx_40xx.o)

.debug_aranges  0x00000000      0x978
 .debug_aranges
                0x00000000      0x140 ./src/LCD.o
 .debug_aranges
                0x00000140       0x58 ./src/RTC.o
 .debug_aranges
                0x00000198      0x128 ./src/Teclado.o
 .debug_aranges
                0x000002c0       0x88 ./src/UART.o
 .debug_aranges
                0x00000348       0x80 ./src/cr_startup_lpc175x_6x.o
 .debug_aranges
                0x000003c8       0x18 ./src/crp.o
 .debug_aranges
                0x000003e0       0x78 ./src/demo_lucas_board.o
 .debug_aranges
                0x00000458       0x20 ./src/sysinit.o
 .debug_aranges
                0x00000478      0x158 C:\Users\Manuel Guerrero\TD2\Workspace\lpc_board_nxp_lpcxpresso_1769\Debug\liblpc_board_nxp_lpcxpresso_1769.a(board.o)
 .debug_aranges
                0x000005d0       0x38 C:\Users\Manuel Guerrero\TD2\Workspace\lpc_board_nxp_lpcxpresso_1769\Debug\liblpc_board_nxp_lpcxpresso_1769.a(board_sysinit.o)
 .debug_aranges
                0x00000608       0x38 C:\Users\Manuel Guerrero\TD2\Workspace\lpc_chip_175x_6x\Debug\liblpc_chip_175x_6x.a(chip_17xx_40xx.o)
 .debug_aranges
                0x00000640      0x120 C:\Users\Manuel Guerrero\TD2\Workspace\lpc_chip_175x_6x\Debug\liblpc_chip_175x_6x.a(clock_17xx_40xx.o)
 .debug_aranges
                0x00000760       0x30 C:\Users\Manuel Guerrero\TD2\Workspace\lpc_chip_175x_6x\Debug\liblpc_chip_175x_6x.a(iocon_17xx_40xx.o)
 .debug_aranges
                0x00000790       0x60 C:\Users\Manuel Guerrero\TD2\Workspace\lpc_chip_175x_6x\Debug\liblpc_chip_175x_6x.a(ring_buffer.o)
 .debug_aranges
                0x000007f0       0x60 C:\Users\Manuel Guerrero\TD2\Workspace\lpc_chip_175x_6x\Debug\liblpc_chip_175x_6x.a(sysinit_17xx_40xx.o)
 .debug_aranges
                0x00000850      0x128 C:\Users\Manuel Guerrero\TD2\Workspace\lpc_chip_175x_6x\Debug\liblpc_chip_175x_6x.a(uart_17xx_40xx.o)

.debug_ranges   0x00000000      0x870
 .debug_ranges  0x00000000      0x130 ./src/LCD.o
 .debug_ranges  0x00000130       0x48 ./src/RTC.o
 .debug_ranges  0x00000178      0x118 ./src/Teclado.o
 .debug_ranges  0x00000290       0x78 ./src/UART.o
 .debug_ranges  0x00000308       0x70 ./src/cr_startup_lpc175x_6x.o
 .debug_ranges  0x00000378       0x68 ./src/demo_lucas_board.o
 .debug_ranges  0x000003e0       0x10 ./src/sysinit.o
 .debug_ranges  0x000003f0      0x148 C:\Users\Manuel Guerrero\TD2\Workspace\lpc_board_nxp_lpcxpresso_1769\Debug\liblpc_board_nxp_lpcxpresso_1769.a(board.o)
 .debug_ranges  0x00000538       0x28 C:\Users\Manuel Guerrero\TD2\Workspace\lpc_board_nxp_lpcxpresso_1769\Debug\liblpc_board_nxp_lpcxpresso_1769.a(board_sysinit.o)
 .debug_ranges  0x00000560       0x28 C:\Users\Manuel Guerrero\TD2\Workspace\lpc_chip_175x_6x\Debug\liblpc_chip_175x_6x.a(chip_17xx_40xx.o)
 .debug_ranges  0x00000588      0x110 C:\Users\Manuel Guerrero\TD2\Workspace\lpc_chip_175x_6x\Debug\liblpc_chip_175x_6x.a(clock_17xx_40xx.o)
 .debug_ranges  0x00000698       0x20 C:\Users\Manuel Guerrero\TD2\Workspace\lpc_chip_175x_6x\Debug\liblpc_chip_175x_6x.a(iocon_17xx_40xx.o)
 .debug_ranges  0x000006b8       0x50 C:\Users\Manuel Guerrero\TD2\Workspace\lpc_chip_175x_6x\Debug\liblpc_chip_175x_6x.a(ring_buffer.o)
 .debug_ranges  0x00000708       0x50 C:\Users\Manuel Guerrero\TD2\Workspace\lpc_chip_175x_6x\Debug\liblpc_chip_175x_6x.a(sysinit_17xx_40xx.o)
 .debug_ranges  0x00000758      0x118 C:\Users\Manuel Guerrero\TD2\Workspace\lpc_chip_175x_6x\Debug\liblpc_chip_175x_6x.a(uart_17xx_40xx.o)

.debug_macro    0x00000000     0x29d2
 .debug_macro   0x00000000      0x220 ./src/LCD.o
 .debug_macro   0x00000220       0x70 ./src/LCD.o
 .debug_macro   0x00000290       0xc4 ./src/LCD.o
 .debug_macro   0x00000354      0x1f3 ./src/RTC.o
 .debug_macro   0x00000547       0x22 ./src/RTC.o
 .debug_macro   0x00000569       0x7c ./src/RTC.o
 .debug_macro   0x000005e5      0x229 ./src/Teclado.o
 .debug_macro   0x0000080e       0xe2 ./src/Teclado.o
 .debug_macro   0x000008f0       0x82 ./src/Teclado.o
 .debug_macro   0x00000972      0x234 ./src/UART.o
 .debug_macro   0x00000ba6       0x70 ./src/UART.o
 .debug_macro   0x00000c16       0x22 ./src/UART.o
 .debug_macro   0x00000c38       0x1d ./src/cr_startup_lpc175x_6x.o
 .debug_macro   0x00000c55       0x1a ./src/crp.o
 .debug_macro   0x00000c6f       0x34 ./src/crp.o
 .debug_macro   0x00000ca3      0x293 ./src/demo_lucas_board.o
 .debug_macro   0x00000f36       0x82 ./src/demo_lucas_board.o
 .debug_macro   0x00000fb8       0xc4 ./src/demo_lucas_board.o
 .debug_macro   0x0000107c      0x217 ./src/sysinit.o
 .debug_macro   0x00001293      0x282 C:\Users\Manuel Guerrero\TD2\Workspace\lpc_board_nxp_lpcxpresso_1769\Debug\liblpc_board_nxp_lpcxpresso_1769.a(board.o)
 .debug_macro   0x00001515      0x88c C:\Users\Manuel Guerrero\TD2\Workspace\lpc_board_nxp_lpcxpresso_1769\Debug\liblpc_board_nxp_lpcxpresso_1769.a(board.o)
 .debug_macro   0x00001da1       0x12 C:\Users\Manuel Guerrero\TD2\Workspace\lpc_board_nxp_lpcxpresso_1769\Debug\liblpc_board_nxp_lpcxpresso_1769.a(board.o)
 .debug_macro   0x00001db3      0x217 C:\Users\Manuel Guerrero\TD2\Workspace\lpc_board_nxp_lpcxpresso_1769\Debug\liblpc_board_nxp_lpcxpresso_1769.a(board_sysinit.o)
 .debug_macro   0x00001fca      0x1cd C:\Users\Manuel Guerrero\TD2\Workspace\lpc_chip_175x_6x\Debug\liblpc_chip_175x_6x.a(chip_17xx_40xx.o)
 .debug_macro   0x00002197      0x1cd C:\Users\Manuel Guerrero\TD2\Workspace\lpc_chip_175x_6x\Debug\liblpc_chip_175x_6x.a(clock_17xx_40xx.o)
 .debug_macro   0x00002364      0x1cd C:\Users\Manuel Guerrero\TD2\Workspace\lpc_chip_175x_6x\Debug\liblpc_chip_175x_6x.a(iocon_17xx_40xx.o)
 .debug_macro   0x00002531       0x83 C:\Users\Manuel Guerrero\TD2\Workspace\lpc_chip_175x_6x\Debug\liblpc_chip_175x_6x.a(ring_buffer.o)
 .debug_macro   0x000025b4       0x74 C:\Users\Manuel Guerrero\TD2\Workspace\lpc_chip_175x_6x\Debug\liblpc_chip_175x_6x.a(ring_buffer.o)
 .debug_macro   0x00002628       0x10 C:\Users\Manuel Guerrero\TD2\Workspace\lpc_chip_175x_6x\Debug\liblpc_chip_175x_6x.a(ring_buffer.o)
 .debug_macro   0x00002638      0x1cd C:\Users\Manuel Guerrero\TD2\Workspace\lpc_chip_175x_6x\Debug\liblpc_chip_175x_6x.a(sysinit_17xx_40xx.o)
 .debug_macro   0x00002805      0x1cd C:\Users\Manuel Guerrero\TD2\Workspace\lpc_chip_175x_6x\Debug\liblpc_chip_175x_6x.a(uart_17xx_40xx.o)

.debug_line     0x00000000     0x509c
 .debug_line    0x00000000      0x7e5 ./src/LCD.o
 .debug_line    0x000007e5      0x4e0 ./src/RTC.o
 .debug_line    0x00000cc5      0x76c ./src/Teclado.o
 .debug_line    0x00001431      0x5a7 ./src/UART.o
 .debug_line    0x000019d8       0xd5 ./src/cr_startup_lpc175x_6x.o
 .debug_line    0x00001aad       0x78 ./src/crp.o
 .debug_line    0x00001b25      0x6e3 ./src/demo_lucas_board.o
 .debug_line    0x00002208      0x473 ./src/sysinit.o
 .debug_line    0x0000267b      0x803 C:\Users\Manuel Guerrero\TD2\Workspace\lpc_board_nxp_lpcxpresso_1769\Debug\liblpc_board_nxp_lpcxpresso_1769.a(board.o)
 .debug_line    0x00002e7e      0x4b3 C:\Users\Manuel Guerrero\TD2\Workspace\lpc_board_nxp_lpcxpresso_1769\Debug\liblpc_board_nxp_lpcxpresso_1769.a(board_sysinit.o)
 .debug_line    0x00003331      0x447 C:\Users\Manuel Guerrero\TD2\Workspace\lpc_chip_175x_6x\Debug\liblpc_chip_175x_6x.a(chip_17xx_40xx.o)
 .debug_line    0x00003778      0x6c4 C:\Users\Manuel Guerrero\TD2\Workspace\lpc_chip_175x_6x\Debug\liblpc_chip_175x_6x.a(clock_17xx_40xx.o)
 .debug_line    0x00003e3c      0x434 C:\Users\Manuel Guerrero\TD2\Workspace\lpc_chip_175x_6x\Debug\liblpc_chip_175x_6x.a(iocon_17xx_40xx.o)
 .debug_line    0x00004270      0x247 C:\Users\Manuel Guerrero\TD2\Workspace\lpc_chip_175x_6x\Debug\liblpc_chip_175x_6x.a(ring_buffer.o)
 .debug_line    0x000044b7      0x4be C:\Users\Manuel Guerrero\TD2\Workspace\lpc_chip_175x_6x\Debug\liblpc_chip_175x_6x.a(sysinit_17xx_40xx.o)
 .debug_line    0x00004975      0x727 C:\Users\Manuel Guerrero\TD2\Workspace\lpc_chip_175x_6x\Debug\liblpc_chip_175x_6x.a(uart_17xx_40xx.o)

.debug_str      0x00000000    0x14345
 .debug_str     0x00000000    0x11478 ./src/LCD.o
                              0x11590 (size before relaxing)
 .debug_str     0x00011478      0x20d ./src/RTC.o
                              0x10ce0 (size before relaxing)
 .debug_str     0x00011685      0x579 ./src/Teclado.o
                              0x116fb (size before relaxing)
 .debug_str     0x00011bfe      0x23e ./src/UART.o
                              0x110a6 (size before relaxing)
 .debug_str     0x00011e3c      0x1c2 ./src/cr_startup_lpc175x_6x.o
                               0x26a4 (size before relaxing)
 .debug_str     0x00011ffe       0xe9 ./src/crp.o
                               0x25bc (size before relaxing)
 .debug_str     0x000120e7      0xa5c ./src/demo_lucas_board.o
                              0x11ee3 (size before relaxing)
 .debug_str     0x00012b43       0x1b ./src/sysinit.o
                              0x109f8 (size before relaxing)
 .debug_str     0x00012b5e      0x961 C:\Users\Manuel Guerrero\TD2\Workspace\lpc_board_nxp_lpcxpresso_1769\Debug\liblpc_board_nxp_lpcxpresso_1769.a(board.o)
                              0x11558 (size before relaxing)
 .debug_str     0x000134bf      0x22d C:\Users\Manuel Guerrero\TD2\Workspace\lpc_board_nxp_lpcxpresso_1769\Debug\liblpc_board_nxp_lpcxpresso_1769.a(board_sysinit.o)
                              0x10df3 (size before relaxing)
 .debug_str     0x000136ec       0xb1 C:\Users\Manuel Guerrero\TD2\Workspace\lpc_chip_175x_6x\Debug\liblpc_chip_175x_6x.a(chip_17xx_40xx.o)
                              0x10839 (size before relaxing)
 .debug_str     0x0001379d      0x628 C:\Users\Manuel Guerrero\TD2\Workspace\lpc_chip_175x_6x\Debug\liblpc_chip_175x_6x.a(clock_17xx_40xx.o)
                              0x11158 (size before relaxing)
 .debug_str     0x00013dc5       0x79 C:\Users\Manuel Guerrero\TD2\Workspace\lpc_chip_175x_6x\Debug\liblpc_chip_175x_6x.a(iocon_17xx_40xx.o)
                              0x105d5 (size before relaxing)
 .debug_str     0x00013e3e      0x142 C:\Users\Manuel Guerrero\TD2\Workspace\lpc_chip_175x_6x\Debug\liblpc_chip_175x_6x.a(ring_buffer.o)
                               0x4027 (size before relaxing)
 .debug_str     0x00013f80       0xc4 C:\Users\Manuel Guerrero\TD2\Workspace\lpc_chip_175x_6x\Debug\liblpc_chip_175x_6x.a(sysinit_17xx_40xx.o)
                              0x107bd (size before relaxing)
 .debug_str     0x00014044      0x301 C:\Users\Manuel Guerrero\TD2\Workspace\lpc_chip_175x_6x\Debug\liblpc_chip_175x_6x.a(uart_17xx_40xx.o)
                              0x10ff0 (size before relaxing)

.comment        0x00000000       0xdc
 .comment       0x00000000       0x6e ./src/LCD.o
                                 0x6f (size before relaxing)
 .comment       0x0000006e       0x6f ./src/RTC.o
 .comment       0x0000006e       0x6f ./src/Teclado.o
 .comment       0x0000006e       0x6f ./src/UART.o
 .comment       0x0000006e       0x6f ./src/cr_startup_lpc175x_6x.o
 .comment       0x0000006e       0x6f ./src/crp.o
 .comment       0x0000006e       0x6f ./src/demo_lucas_board.o
 .comment       0x0000006e       0x6f ./src/sysinit.o
 .comment       0x0000006e       0x6f C:\Users\Manuel Guerrero\TD2\Workspace\lpc_board_nxp_lpcxpresso_1769\Debug\liblpc_board_nxp_lpcxpresso_1769.a(board.o)
 .comment       0x0000006e       0x6f C:\Users\Manuel Guerrero\TD2\Workspace\lpc_board_nxp_lpcxpresso_1769\Debug\liblpc_board_nxp_lpcxpresso_1769.a(board_sysinit.o)
 .comment       0x0000006e       0x6f C:\Users\Manuel Guerrero\TD2\Workspace\lpc_chip_175x_6x\Debug\liblpc_chip_175x_6x.a(chip_17xx_40xx.o)
 .comment       0x0000006e       0x6f C:\Users\Manuel Guerrero\TD2\Workspace\lpc_chip_175x_6x\Debug\liblpc_chip_175x_6x.a(clock_17xx_40xx.o)
 .comment       0x0000006e       0x6f C:\Users\Manuel Guerrero\TD2\Workspace\lpc_chip_175x_6x\Debug\liblpc_chip_175x_6x.a(iocon_17xx_40xx.o)
 .comment       0x0000006e       0x6f C:\Users\Manuel Guerrero\TD2\Workspace\lpc_chip_175x_6x\Debug\liblpc_chip_175x_6x.a(ring_buffer.o)
 .comment       0x0000006e       0x6f C:\Users\Manuel Guerrero\TD2\Workspace\lpc_chip_175x_6x\Debug\liblpc_chip_175x_6x.a(sysinit_17xx_40xx.o)
 .comment       0x0000006e       0x6f C:\Users\Manuel Guerrero\TD2\Workspace\lpc_chip_175x_6x\Debug\liblpc_chip_175x_6x.a(uart_17xx_40xx.o)
 .comment       0x0000006e       0x6e c:/nxp/lpcxpresso_8.2.2_650/lpcxpresso/tools/bin/../lib/gcc/arm-none-eabi/5.4.1/../../../../arm-none-eabi/lib/armv7-m\libcr_c.a(memcpy.o)
                                 0x6f (size before relaxing)
 .comment       0x000000dc       0x6f c:/nxp/lpcxpresso_8.2.2_650/lpcxpresso/tools/bin/../lib/gcc/arm-none-eabi/5.4.1/../../../../arm-none-eabi/lib/armv7-m\libcr_c.a(__weak__main.o)

.ARM.attributes
                0x00000000       0x31
 .ARM.attributes
                0x00000000       0x33 ./src/LCD.o
 .ARM.attributes
                0x00000033       0x33 ./src/RTC.o
 .ARM.attributes
                0x00000066       0x33 ./src/Teclado.o
 .ARM.attributes
                0x00000099       0x33 ./src/UART.o
 .ARM.attributes
                0x000000cc       0x33 ./src/cr_startup_lpc175x_6x.o
 .ARM.attributes
                0x000000ff       0x33 ./src/crp.o
 .ARM.attributes
                0x00000132       0x33 ./src/demo_lucas_board.o
 .ARM.attributes
                0x00000165       0x33 ./src/sysinit.o
 .ARM.attributes
                0x00000198       0x33 C:\Users\Manuel Guerrero\TD2\Workspace\lpc_board_nxp_lpcxpresso_1769\Debug\liblpc_board_nxp_lpcxpresso_1769.a(board.o)
 .ARM.attributes
                0x000001cb       0x33 C:\Users\Manuel Guerrero\TD2\Workspace\lpc_board_nxp_lpcxpresso_1769\Debug\liblpc_board_nxp_lpcxpresso_1769.a(board_sysinit.o)
 .ARM.attributes
                0x000001fe       0x33 C:\Users\Manuel Guerrero\TD2\Workspace\lpc_chip_175x_6x\Debug\liblpc_chip_175x_6x.a(chip_17xx_40xx.o)
 .ARM.attributes
                0x00000231       0x33 C:\Users\Manuel Guerrero\TD2\Workspace\lpc_chip_175x_6x\Debug\liblpc_chip_175x_6x.a(clock_17xx_40xx.o)
 .ARM.attributes
                0x00000264       0x33 C:\Users\Manuel Guerrero\TD2\Workspace\lpc_chip_175x_6x\Debug\liblpc_chip_175x_6x.a(iocon_17xx_40xx.o)
 .ARM.attributes
                0x00000297       0x33 C:\Users\Manuel Guerrero\TD2\Workspace\lpc_chip_175x_6x\Debug\liblpc_chip_175x_6x.a(ring_buffer.o)
 .ARM.attributes
                0x000002ca       0x33 C:\Users\Manuel Guerrero\TD2\Workspace\lpc_chip_175x_6x\Debug\liblpc_chip_175x_6x.a(sysinit_17xx_40xx.o)
 .ARM.attributes
                0x000002fd       0x33 C:\Users\Manuel Guerrero\TD2\Workspace\lpc_chip_175x_6x\Debug\liblpc_chip_175x_6x.a(uart_17xx_40xx.o)
 .ARM.attributes
                0x00000330       0x33 c:/nxp/lpcxpresso_8.2.2_650/lpcxpresso/tools/bin/../lib/gcc/arm-none-eabi/5.4.1/../../../../arm-none-eabi/lib/armv7-m\libcr_c.a(memcpy.o)
 .ARM.attributes
                0x00000363       0x33 c:/nxp/lpcxpresso_8.2.2_650/lpcxpresso/tools/bin/../lib/gcc/arm-none-eabi/5.4.1/../../../../arm-none-eabi/lib/armv7-m\libcr_c.a(__weak__main.o)
 .ARM.attributes
                0x00000396       0x21 c:/nxp/lpcxpresso_8.2.2_650/lpcxpresso/tools/bin/../lib/gcc/arm-none-eabi/5.4.1/armv7-m\libcr_eabihelpers.a(memcpy.o)

.debug_frame    0x00000000     0x23d4
 .debug_frame   0x00000000      0x54c ./src/LCD.o
 .debug_frame   0x0000054c      0x130 ./src/RTC.o
 .debug_frame   0x0000067c      0x47c ./src/Teclado.o
 .debug_frame   0x00000af8      0x20c ./src/UART.o
 .debug_frame   0x00000d04      0x170 ./src/cr_startup_lpc175x_6x.o
 .debug_frame   0x00000e74      0x1a0 ./src/demo_lucas_board.o
 .debug_frame   0x00001014       0x34 ./src/sysinit.o
 .debug_frame   0x00001048      0x5b0 C:\Users\Manuel Guerrero\TD2\Workspace\lpc_board_nxp_lpcxpresso_1769\Debug\liblpc_board_nxp_lpcxpresso_1769.a(board.o)
 .debug_frame   0x000015f8       0x8c C:\Users\Manuel Guerrero\TD2\Workspace\lpc_board_nxp_lpcxpresso_1769\Debug\liblpc_board_nxp_lpcxpresso_1769.a(board_sysinit.o)
 .debug_frame   0x00001684       0x88 C:\Users\Manuel Guerrero\TD2\Workspace\lpc_chip_175x_6x\Debug\liblpc_chip_175x_6x.a(chip_17xx_40xx.o)
 .debug_frame   0x0000170c      0x490 C:\Users\Manuel Guerrero\TD2\Workspace\lpc_chip_175x_6x\Debug\liblpc_chip_175x_6x.a(clock_17xx_40xx.o)
 .debug_frame   0x00001b9c       0x80 C:\Users\Manuel Guerrero\TD2\Workspace\lpc_chip_175x_6x\Debug\liblpc_chip_175x_6x.a(iocon_17xx_40xx.o)
 .debug_frame   0x00001c1c      0x164 C:\Users\Manuel Guerrero\TD2\Workspace\lpc_chip_175x_6x\Debug\liblpc_chip_175x_6x.a(ring_buffer.o)
 .debug_frame   0x00001d80      0x12c C:\Users\Manuel Guerrero\TD2\Workspace\lpc_chip_175x_6x\Debug\liblpc_chip_175x_6x.a(sysinit_17xx_40xx.o)
 .debug_frame   0x00001eac      0x528 C:\Users\Manuel Guerrero\TD2\Workspace\lpc_chip_175x_6x\Debug\liblpc_chip_175x_6x.a(uart_17xx_40xx.o)
